
Allocating common symbols
Common symbol       size              file

netbufpool          0x4               binaries/net.o
readylist           0x2               binaries/ready.o
rfltab              0x5a0             binaries/rflinit.o
netportseed         0x8               binaries/net.o
sleepq              0x2               binaries/clkinit.o
nnames              0x4               binaries/naminit.o
udptab              0x168             binaries/udp.o
minheap             0x4               binaries/meminit.o
marks               0x50              binaries/mark.o
currpid             0x4               binaries/initialize.o
Lf_data             0x20c             binaries/lfsinit.o
porttab             0x2d0             binaries/ptinit.o
girmask             0x2               binaries/evec.o
ttytab              0x110             binaries/ttyinit.o
proctab             0x1770            binaries/initialize.o
prcount             0x4               binaries/initialize.o
lfltab              0xf00             binaries/lflinit.o
rdstab              0x7c              binaries/rdsinit.o
ethertab            0x130             binaries/ethinit.o
NetData             0xb0              binaries/net.o
nmarks              0x4               binaries/mark.o
initsp              0x4               binaries/i386.o
Defer               0x8               binaries/resched.o
semtab              0x4b0             binaries/initialize.o
maxheap             0x4               binaries/meminit.o
preempt             0x4               binaries/clkinit.o
buftab              0xf0              binaries/bufinit.o
Rf_data             0x18              binaries/rfsinit.o
mkmutex             0x4               binaries/mark.o
clktime             0x4               binaries/clkinit.o
arpcache            0x140             binaries/arp.o
icmptab             0x230             binaries/icmp.o
nbpools             0x4               binaries/bufinit.o
queuetab            0x980             binaries/queue.o
ptnextid            0x4               binaries/ptinit.o
Ram                 0x19000           binaries/raminit.o
ipoqueue            0x2c              binaries/ip.o
memlist             0x8               binaries/initialize.o
nametab             0x5200            binaries/naminit.o
ptfree              0x4               binaries/ptinit.o

Memory Configuration

Name             Origin             Length             Attributes
*default*        0x0000000000000000 0xffffffffffffffff

Linker script and memory map

                0x0000000000100000                physbase = 0x100000
                0x0000000000100000                . = physbase
                0x0000000000100000                . = ALIGN (0x1000)

.text           0x0000000000100000    0x1c000
                0x0000000000100000                text = ABSOLUTE (.)
 *(.text .text.*)
 .text          0x0000000000100000      0x165 binaries/start.o
                0x0000000000100020                entry
                0x000000000010003d                start
                0x00000000001000a5                inb
                0x00000000001000ad                inw
                0x00000000001000b6                inl
                0x00000000001000be                outb
                0x00000000001000c8                outw
                0x00000000001000d3                outl
                0x00000000001000dd                _rtcin
                0x00000000001000e8                ___udivsi3
                0x00000000001000f3                ___divsi3
                0x00000000001000ff                sbzero
                0x000000000010010f                bcopy
                0x0000000000100123                insw
                0x0000000000100139                outsw
                0x000000000010014f                lidt
                0x0000000000100157                jumptocode
                0x000000000010015e                jumptobootcode
 .text          0x0000000000100165      0x405 binaries/ascdate.o
                0x0000000000100165                ascdate
 .text          0x000000000010056a       0x14 binaries/bufinit.o
                0x000000000010056a                bufinit
 .text          0x000000000010057e       0x89 binaries/chprio.o
                0x000000000010057e                chprio
 .text          0x0000000000100607       0x96 binaries/clkhandler.o
                0x0000000000100607                clkhandler
 .text          0x000000000010069d       0x89 binaries/clkinit.o
                0x000000000010069d                clkinit
 .text          0x0000000000100726       0x6a binaries/close.o
                0x0000000000100726                close
 .text          0x0000000000100790        0x0 binaries/conf.o
 .text          0x0000000000100790       0x7f binaries/control.o
                0x0000000000100790                control
 .text          0x000000000010080f      0x249 binaries/create.o
                0x000000000010080f                create
 .text          0x0000000000100a58      0x363 binaries/evec.o
                0x0000000000100a58                initevec
                0x0000000000100aae                set_evec
                0x0000000000100b50                trap
 .text          0x0000000000100dbb       0x15 binaries/exit.o
                0x0000000000100dbb                exit
 .text          0x0000000000100dd0      0x2aa binaries/fork.o
                0x0000000000100dd0                fork
 .text          0x000000000010107a       0x82 binaries/freebuf.o
                0x000000000010107a                freebuf
 .text          0x00000000001010fc      0x167 binaries/freemem.o
                0x00000000001010fc                freemem
 .text          0x0000000000101263       0x80 binaries/getbuf.o
                0x0000000000101263                getbuf
 .text          0x00000000001012e3       0x6a binaries/getc.o
                0x00000000001012e3                getc
 .text          0x000000000010134d       0x72 binaries/getdev.o
                0x000000000010134d                getdev
 .text          0x00000000001013bf       0xc8 binaries/getitem.o
                0x00000000001013bf                getfirst
                0x0000000000101400                getlast
                0x0000000000101443                getitem
 .text          0x0000000000101487       0xfb binaries/getmem.o
                0x0000000000101487                getmem
 .text          0x0000000000101582        0xa binaries/getpid.o
                0x0000000000101582                getpid
 .text          0x000000000010158c       0x71 binaries/getprio.o
                0x000000000010158c                getprio
 .text          0x00000000001015fd       0xf2 binaries/getstk.o
                0x00000000001015fd                getstk
 .text          0x00000000001016ef       0x16 binaries/getticks.o
                0x00000000001016ef                getticks
 .text          0x0000000000101705       0x36 binaries/gettime.o
                0x0000000000101705                gettime
 .text          0x000000000010173b      0x1f5 binaries/getutime.o
                0x000000000010173b                getutime
 .text          0x0000000000101930      0x409 binaries/i386.o
                0x0000000000101930                setsegs
                0x0000000000101a47                init8259
                0x0000000000101b1c                pseg
                0x0000000000101cdf                setirmask
 .text          0x0000000000101d39       0x6a binaries/init.o
                0x0000000000101d39                init
 .text          0x0000000000101da3      0x3eb binaries/initialize.o
                0x0000000000101da3                nulluser
                0x0000000000102139                stop
                0x0000000000102160                delay
 .text          0x000000000010218e       0xdb binaries/insert.o
                0x000000000010218e                insert
 .text          0x0000000000102269      0x10d binaries/insertd.o
                0x0000000000102269                insertd
 .text          0x0000000000102376        0xa binaries/ioerr.o
                0x0000000000102376                ioerr
 .text          0x0000000000102380        0xa binaries/ionull.o
                0x0000000000102380                ionull
 .text          0x000000000010238a      0x1d5 binaries/kill.o
                0x000000000010238a                kill
 .text          0x000000000010255f      0x17b binaries/kprintf.o
                0x000000000010255f                kputc
                0x0000000000102608                kgetc
                0x00000000001026ad                kprintf
 .text          0x00000000001026da      0x423 binaries/main.o
                0x00000000001026da                sum
                0x00000000001026e7                sync_printf
                0x0000000000102794                test1
                0x0000000000102833                test2
                0x00000000001028c8                test3
                0x00000000001029b2                main
 .text          0x0000000000102afd       0xac binaries/mark.o
                0x0000000000102afd                markinit
                0x0000000000102b20                mark
 .text          0x0000000000102ba9       0xca binaries/meminit.o
                0x0000000000102ba9                meminit
 .text          0x0000000000102c73      0x15f binaries/mkbufpool.o
                0x0000000000102c73                mkbufpool
 .text          0x0000000000102dd2       0x6e binaries/newpid.o
                0x0000000000102dd2                newpid
 .text          0x0000000000102e40       0x94 binaries/newqueue.o
                0x0000000000102e40                newqueue
 .text          0x0000000000102ed4       0x78 binaries/open.o
                0x0000000000102ed4                open
 .text          0x0000000000102f4c       0x20 binaries/panic.o
                0x0000000000102f4c                panic
 .text          0x0000000000102f6c      0x562 binaries/pci.o
                0x0000000000102f6c                pci_init
                0x0000000000103274                find_pci_device
                0x0000000000103350                pci_bios_read_config_byte
                0x000000000010338f                pci_bios_read_config_word
                0x00000000001033d1                pci_bios_read_config_dword
                0x0000000000103410                pci_bios_write_config_byte
                0x0000000000103451                pci_bios_write_config_word
                0x0000000000103493                pci_bios_write_config_dword
 .text          0x00000000001034ce       0xe6 binaries/ptclear.o
                0x00000000001034ce                _ptclear
 .text          0x00000000001035b4       0x8f binaries/ptcount.o
                0x00000000001035b4                ptcount
 .text          0x0000000000103643      0x105 binaries/ptcreate.o
                0x0000000000103643                ptcreate
 .text          0x0000000000103748       0x80 binaries/ptdelete.o
                0x0000000000103748                ptdelete
 .text          0x00000000001037c8       0xb7 binaries/ptinit.o
                0x00000000001037c8                ptinit
 .text          0x000000000010387f      0x10a binaries/ptrecv.o
                0x000000000010387f                ptrecv
 .text          0x0000000000103989       0x78 binaries/ptreset.o
                0x0000000000103989                ptreset
 .text          0x0000000000103a01      0x128 binaries/ptsend.o
                0x0000000000103a01                ptsend
 .text          0x0000000000103b29       0x78 binaries/putc.o
                0x0000000000103b29                putc
 .text          0x0000000000103ba1      0x10a binaries/queue.o
                0x0000000000103ba1                enqueue
                0x0000000000103c42                dequeue
 .text          0x0000000000103cab       0x78 binaries/read.o
                0x0000000000103cab                read
 .text          0x0000000000103d23       0x7d binaries/ready.o
                0x0000000000103d23                ready
 .text          0x0000000000103da0       0x5d binaries/receive.o
                0x0000000000103da0                receive
 .text          0x0000000000103dfd       0x59 binaries/recvclr.o
                0x0000000000103dfd                recvclr
 .text          0x0000000000103e56       0xb8 binaries/recvtime.o
                0x0000000000103e56                recvtime
 .text          0x0000000000103f0e      0x165 binaries/resched.o
                0x0000000000103f0e                resched
                0x0000000000103ffe                resched_cntl
 .text          0x0000000000104073       0xa0 binaries/resume.o
                0x0000000000104073                resume
 .text          0x0000000000104113       0x71 binaries/seek.o
                0x0000000000104113                seek
 .text          0x0000000000104184       0x69 binaries/semcount.o
                0x0000000000104184                semcount
 .text          0x00000000001041ed       0xcf binaries/semcreate.o
                0x00000000001041ed                semcreate
 .text          0x00000000001042bc       0xba binaries/semdelete.o
                0x00000000001042bc                semdelete
 .text          0x0000000000104376       0xbc binaries/semreset.o
                0x0000000000104376                semreset
 .text          0x0000000000104432       0xd6 binaries/send.o
                0x0000000000104432                send
 .text          0x0000000000104508       0x97 binaries/signal.o
                0x0000000000104508                signal
 .text          0x000000000010459f       0xc3 binaries/signaln.o
                0x000000000010459f                signaln
 .text          0x0000000000104662       0xe3 binaries/sleep.o
                0x0000000000104662                sleep
                0x00000000001046ac                sleepms
 .text          0x0000000000104745      0x1ad binaries/stacktrace.o
                0x0000000000104745                stacktrace
 .text          0x00000000001048f2       0xd6 binaries/suspend.o
                0x00000000001048f2                suspend
 .text          0x00000000001049c8       0xd8 binaries/unsleep.o
                0x00000000001049c8                unsleep
 .text          0x0000000000104aa0       0x15 binaries/userret.o
                0x0000000000104aa0                userret
 .text          0x0000000000104ab5       0xd1 binaries/wait.o
                0x0000000000104ab5                wait
 .text          0x0000000000104b86       0x68 binaries/wakeup.o
                0x0000000000104b86                wakeup
 .text          0x0000000000104bee       0x78 binaries/write.o
                0x0000000000104bee                write
 .text          0x0000000000104c66       0x19 binaries/xdone.o
                0x0000000000104c66                xdone
 .text          0x0000000000104c7f       0x25 binaries/yield.o
                0x0000000000104c7f                yield
 .text          0x0000000000104ca4       0x11 binaries/abs.o
                0x0000000000104ca4                abs
 .text          0x0000000000104cb5       0x8f binaries/atoi.o
                0x0000000000104cb5                atoi
 .text          0x0000000000104d44       0x8f binaries/atol.o
                0x0000000000104d44                atol
 .text          0x0000000000104dd3       0x31 binaries/bzero.o
                0x0000000000104dd3                bzero
 .text          0x0000000000104e04        0x0 binaries/ctype_.o
 .text          0x0000000000104e04      0x8f8 binaries/doprnt.o
                0x0000000000104e04                _doprnt
 .text          0x00000000001056fc      0x6a2 binaries/doscan.o
                0x00000000001056fc                _doscan
 .text          0x0000000000105d9e      0x723 binaries/fdoprnt.o
                0x0000000000105d9e                _fdoprnt
 .text          0x00000000001064c1       0x26 binaries/fgetc.o
                0x00000000001064c1                fgetc
 .text          0x00000000001064e7       0x72 binaries/fgets.o
                0x00000000001064e7                fgets
 .text          0x0000000000106559       0x34 binaries/fprintf.o
                0x0000000000106559                fprintf
 .text          0x000000000010658d       0x2c binaries/fputc.o
                0x000000000010658d                fputc
 .text          0x00000000001065b9       0x43 binaries/fputs.o
                0x00000000001065b9                fputs
 .text          0x00000000001065fc       0x92 binaries/fscanf.o
                0x00000000001065fc                fscanf
 .text          0x000000000010668e       0x2a binaries/getchar.o
                0x000000000010668e                getchar
 .text          0x00000000001066b8       0x11 binaries/labs.o
                0x00000000001066b8                labs
 .text          0x00000000001066c9       0x51 binaries/memcmp.o
                0x00000000001066c9                memcmp
 .text          0x000000000010671a       0x3f binaries/memcpy.o
                0x000000000010671a                memcpy
 .text          0x0000000000106759       0x30 binaries/memset.o
                0x0000000000106759                memset
 .text          0x0000000000106789       0x4d binaries/printf.o
                0x0000000000106789                printf
 .text          0x00000000001067d6       0x31 binaries/putchar.o
                0x00000000001067d6                putchar
 .text          0x0000000000106807      0x28c binaries/qsort.o
                0x0000000000106807                qsort
 .text          0x0000000000106a93       0x5f binaries/rand.o
                0x0000000000106a93                rand
                0x0000000000106aa7                rand_r
                0x0000000000106ae5                srand
 .text          0x0000000000106af2       0x6f binaries/sprintf.o
                0x0000000000106af2                sprintf
 .text          0x0000000000106b61       0x7f binaries/sscanf.o
                0x0000000000106b61                sscanf
 .text          0x0000000000106be0       0x3c binaries/strchr.o
                0x0000000000106be0                strchr
 .text          0x0000000000106c1c       0x45 binaries/strcmp.o
                0x0000000000106c1c                strcmp
 .text          0x0000000000106c61       0x27 binaries/strcpy.o
                0x0000000000106c61                strcpy
 .text          0x0000000000106c88       0x26 binaries/strlen.o
                0x0000000000106c88                strlen
 .text          0x0000000000106cae       0x56 binaries/strncat.o
                0x0000000000106cae                strncat
 .text          0x0000000000106d04       0x5e binaries/strncmp.o
                0x0000000000106d04                strncmp
 .text          0x0000000000106d62       0x4f binaries/strncpy.o
                0x0000000000106d62                strncpy
 .text          0x0000000000106db1       0x2e binaries/strnlen.o
                0x0000000000106db1                strnlen
 .text          0x0000000000106ddf       0x45 binaries/strrchr.o
                0x0000000000106ddf                strrchr
 .text          0x0000000000106e24       0x6d binaries/strstr.o
                0x0000000000106e24                strstr
 .text          0x0000000000106e91       0xd8 binaries/ttycontrol.o
                0x0000000000106e91                ttycontrol
 .text          0x0000000000106f69       0x93 binaries/ttygetc.o
                0x0000000000106f69                ttygetc
 .text          0x0000000000106ffc      0x756 binaries/ttyhandle_in.o
                0x0000000000106ffc                ttyhandle_in
 .text          0x0000000000107752      0x19f binaries/ttyhandle_out.o
                0x0000000000107752                ttyhandle_out
 .text          0x00000000001078f1       0xc6 binaries/ttyhandler.o
                0x00000000001078f1                ttyhandler
 .text          0x00000000001079b7      0x22b binaries/ttyinit.o
                0x00000000001079b7                ttyinit
 .text          0x0000000000107be2       0x1d binaries/ttykickout.o
                0x0000000000107be2                ttykickout
 .text          0x0000000000107bff       0xb2 binaries/ttyputc.o
                0x0000000000107bff                ttyputc
 .text          0x0000000000107cb1      0x10f binaries/ttyread.o
                0x0000000000107cb1                ttyread
 .text          0x0000000000107dc0       0x4f binaries/ttywrite.o
                0x0000000000107dc0                ttywrite
 .text          0x0000000000107e0f      0x16a binaries/mount.o
                0x0000000000107e0f                mount
                0x0000000000107f43                namlen
 .text          0x0000000000107f79      0x229 binaries/naminit.o
                0x0000000000107f79                naminit
 .text          0x00000000001081a2      0x216 binaries/nammap.o
                0x00000000001081a2                nammap
                0x0000000000108233                namrepl
                0x0000000000108368                namcpy
 .text          0x00000000001083b8       0x55 binaries/namopen.o
                0x00000000001083b8                namopen
 .text          0x000000000010840d      0xfa3 binaries/82545EMInit.o
                0x0000000000108464                _82545EMInit
                0x000000000010920a                _82545EM_read_phy_reg
                0x00000000001092d9                _82545EM_write_phy_reg
 .text          0x00000000001093b0      0x24c binaries/ethcontrol.o
                0x0000000000109407                ethcontrol
                0x0000000000109584                ethIrqDisable
                0x00000000001095c0                ethIrqEnable
 .text          0x00000000001095fc      0x241 binaries/ethhandler.o
                0x000000000010976d                ethhandler
 .text          0x000000000010983d      0x122 binaries/ethinit.o
                0x000000000010983d                ethinit
 .text          0x000000000010995f      0x1f0 binaries/ethread.o
                0x00000000001099b6                ethread
 .text          0x0000000000109b4f      0x19a binaries/ethwrite.o
                0x0000000000109ba6                ethwrite
 .text          0x0000000000109ce9      0x2c1 binaries/rdscomm.o
                0x0000000000109ce9                rdscomm
 .text          0x0000000000109faa      0x21b binaries/rdscontrol.o
                0x0000000000109faa                rdscontrol
 .text          0x000000000010a1c5       0x4e binaries/rdsinit.o
                0x000000000010a1c5                rdsinit
 .text          0x000000000010a213      0x385 binaries/rdsopen.o
                0x000000000010a213                rdsopen
 .text          0x000000000010a598      0x40d binaries/rdsprocess.o
                0x000000000010a598                rdsprocess
 .text          0x000000000010a9a5      0x5b2 binaries/rdsqfcns.o
                0x000000000010a9a5                rdqunlink
                0x000000000010aa47                rdqinsert
                0x000000000010aa9c                rdcunlink
                0x000000000010ab46                rdcinsert
                0x000000000010ac27                edqdump
                0x000000000010ade3                edcdump
 .text          0x000000000010af57      0x1d7 binaries/rdsread.o
                0x000000000010af57                rdsread
 .text          0x000000000010b12e       0x58 binaries/rdssetprio.o
                0x000000000010b12e                rdssetprio
 .text          0x000000000010b186      0x117 binaries/rdswrite.o
                0x000000000010b186                rdswrite
 .text          0x000000000010b29d        0xa binaries/ramclose.o
                0x000000000010b29d                ramclose
 .text          0x000000000010b2a7       0x45 binaries/raminit.o
                0x000000000010b2a7                raminit
 .text          0x000000000010b2ec        0xa binaries/ramopen.o
                0x000000000010b2ec                ramopen
 .text          0x000000000010b2f6       0x35 binaries/ramread.o
                0x000000000010b2f6                ramread
 .text          0x000000000010b32b       0x36 binaries/ramwrite.o
                0x000000000010b32b                ramwrite
 .text          0x000000000010b361       0x9e binaries/lfdballoc.o
                0x000000000010b361                lfdballoc
 .text          0x000000000010b3ff       0x62 binaries/lfdbfree.o
                0x000000000010b3ff                lfdbfree
 .text          0x000000000010b461       0xbf binaries/lfflush.o
                0x000000000010b461                lfflush
 .text          0x000000000010b520       0xd8 binaries/lfgetmode.o
                0x000000000010b520                lfgetmode
 .text          0x000000000010b5f8       0x6c binaries/lfiballoc.o
                0x000000000010b5f8                lfiballoc
 .text          0x000000000010b664       0x3b binaries/lfibclear.o
                0x000000000010b664                lfibclear
 .text          0x000000000010b69f       0xae binaries/lfibget.o
                0x000000000010b69f                lfibget
 .text          0x000000000010b74d       0xe0 binaries/lfibput.o
                0x000000000010b74d                lfibput
 .text          0x000000000010b82d       0x93 binaries/lflclose.o
                0x000000000010b82d                lflclose
 .text          0x000000000010b8c0       0xb5 binaries/lflcontrol.o
                0x000000000010b8c0                lflcontrol
 .text          0x000000000010b975       0xdf binaries/lflgetc.o
                0x000000000010b975                lflgetc
 .text          0x000000000010ba54       0xfb binaries/lflinit.o
                0x000000000010ba54                lflinit
 .text          0x000000000010bb4f      0x10f binaries/lflputc.o
                0x000000000010bb4f                lflputc
 .text          0x000000000010bc5e       0x6d binaries/lflread.o
                0x000000000010bc5e                lflread
 .text          0x000000000010bccb       0x9c binaries/lflseek.o
                0x000000000010bccb                lflseek
 .text          0x000000000010bd67       0x55 binaries/lflwrite.o
                0x000000000010bd67                lflwrite
 .text          0x000000000010bdbc       0x62 binaries/lfscheck.o
                0x000000000010bdbc                lfscheck
 .text          0x000000000010be1e      0x176 binaries/lfsckfmt.o
                0x000000000010be1e                lfsckfmt
 .text          0x000000000010bf94      0x221 binaries/lfscreate.o
                0x000000000010bf94                lfscreate
 .text          0x000000000010c1b5      0x282 binaries/lfsetup.o
                0x000000000010c1b5                lfsetup
 .text          0x000000000010c437       0x55 binaries/lfsinit.o
                0x000000000010c437                lfsinit
 .text          0x000000000010c48c      0x3cb binaries/lfsopen.o
                0x000000000010c48c                lfsopen
 .text          0x000000000010c857      0x161 binaries/lftruncate.o
                0x000000000010c857                lftruncate
 .text          0x000000000010c9b8      0x1a5 binaries/rflclose.o
                0x000000000010c9b8                rflclose
 .text          0x000000000010cb5d       0x5d binaries/rflgetc.o
                0x000000000010cb5d                rflgetc
 .text          0x000000000010cbba       0x76 binaries/rflinit.o
                0x000000000010cbba                rflinit
 .text          0x000000000010cc30       0x39 binaries/rflputc.o
                0x000000000010cc30                rflputc
 .text          0x000000000010cc69      0x386 binaries/rflread.o
                0x000000000010cc69                rflread
 .text          0x000000000010cfef       0x68 binaries/rflseek.o
                0x000000000010cfef                rflseek
 .text          0x000000000010d057      0x336 binaries/rflwrite.o
                0x000000000010d057                rflwrite
 .text          0x000000000010d38d      0x22f binaries/rfscomm.o
                0x000000000010d38d                rfscomm
 .text          0x000000000010d5bc      0x258 binaries/rfscontrol.o
                0x000000000010d5bc                rfscontrol
 .text          0x000000000010d814       0xd8 binaries/rfsgetmode.o
                0x000000000010d814                rfsgetmode
 .text          0x000000000010d8ec       0x61 binaries/rfsinit.o
                0x000000000010d8ec                rfsinit
 .text          0x000000000010d94d      0x128 binaries/rfsndmsg.o
                0x000000000010d94d                rfsndmsg
 .text          0x000000000010da75      0x28d binaries/rfsopen.o
                0x000000000010da75                rfsopen
 .text          0x000000000010dd02      0x855 binaries/arp.o
                0x000000000010dd02                arp_init
                0x000000000010dd34                arp_resolve
                0x000000000010e001                arp_in
                0x000000000010e2b3                arp_alloc
                0x000000000010e37f                arp_ntoh
                0x000000000010e46b                arp_hton
 .text          0x000000000010e557      0x947 binaries/dhcp.o
                0x000000000010e557                dhcp_get_opt_val
                0x000000000010e5b0                dhcp_bld_bootp_msg
                0x000000000010e6da                dhcp_bld_disc
                0x000000000010e7c0                dhcp_bld_req
                0x000000000010e93d                getlocalip
 .text          0x000000000010ee9e      0x6e3 binaries/dns.o
                0x000000000010ee9e                dnslookup
 .text          0x000000000010f581       0xe0 binaries/dot2ip.o
                0x000000000010f581                dot2ip
 .text          0x000000000010f661      0x468 binaries/hexdump.o
                0x000000000010f661                hexdump
                0x000000000010f7e4                hexadump
 .text          0x000000000010fac9      0x8c4 binaries/icmp.o
                0x000000000010fac9                icmp_init
                0x000000000010faff                icmp_in
                0x000000000010fd07                icmp_register
                0x000000000010fdf9                icmp_recv
                0x000000000010ff72                icmp_send
                0x0000000000110007                icmp_mkpkt
                0x0000000000110122                icmp_release
                0x0000000000110212                icmp_cksum
                0x00000000001102a5                icmp_hton
                0x0000000000110319                icmp_ntoh
 .text          0x000000000011038d      0x81d binaries/ip.o
                0x000000000011038d                ip_in
                0x00000000001104d9                ip_send
                0x000000000011061b                ip_local
                0x000000000011065e                ip_out
                0x000000000011078b                ipcksum
                0x0000000000110811                ip_ntoh
                0x00000000001108fd                ip_hton
                0x00000000001109e9                ipout
                0x0000000000110b0b                ip_enqueue
 .text          0x0000000000110baa      0x2ed binaries/net.o
                0x0000000000110baa                net_init
                0x0000000000110d02                netin
                0x0000000000110dae                eth_hton
                0x0000000000110dd8                eth_ntoh
                0x0000000000110e02                getport
 .text          0x0000000000110e97     0x1539 binaries/pdump.o
                0x0000000000110e97                pdump
                0x0000000000111cb3                pdumph
 .text          0x00000000001123d0      0x64a binaries/tftp.o
                0x00000000001123d0                tftp_send1
                0x0000000000112560                tftpget
                0x00000000001125a2                tftpget_mb
 .text          0x0000000000112a1a      0xb08 binaries/udp.o
                0x0000000000112a1a                udp_init
                0x0000000000112a4e                udp_in
                0x0000000000112b89                udp_register
                0x0000000000112cbd                udp_recv
                0x0000000000112e43                udp_recvaddr
                0x0000000000112fe1                udp_send
                0x00000000001131b0                udp_sendto
                0x000000000011334b                udp_release
                0x0000000000113438                udp_ntoh
                0x00000000001134ad                udp_hton
 .text          0x0000000000113522      0x135 binaries/addargs.o
                0x0000000000113522                addargs
 .text          0x0000000000113657      0x2c9 binaries/lexan.o
                0x0000000000113657                lexan
 .text          0x0000000000113920      0x6e9 binaries/shell.o
                0x0000000000113920                shell
 .text          0x0000000000114009       0x68 binaries/xsh_argecho.o
                0x0000000000114009                xsh_argecho
 .text          0x0000000000114071      0x23a binaries/xsh_arp.o
                0x0000000000114071                xsh_arp
 .text          0x00000000001142ab      0x245 binaries/xsh_cat.o
                0x00000000001142ab                xsh_cat
 .text          0x00000000001144f0       0x59 binaries/xsh_clear.o
                0x00000000001144f0                xsh_clear
 .text          0x0000000000114549      0x2e0 binaries/xsh_date.o
                0x0000000000114549                xsh_date
 .text          0x0000000000114829       0xab binaries/xsh_devdump.o
                0x0000000000114829                xsh_devdump
 .text          0x00000000001148d4       0x6c binaries/xsh_echo.o
                0x00000000001148d4                xsh_echo
 .text          0x0000000000114940        0xa binaries/xsh_exit.o
                0x0000000000114940                xsh_exit
 .text          0x000000000011494a      0x368 binaries/xsh_help.o
                0x000000000011494a                xsh_help
 .text          0x0000000000114cb2      0x232 binaries/xsh_kill.o
                0x0000000000114cb2                xsh_kill
 .text          0x0000000000114ee4      0x531 binaries/xsh_ls.o
                0x0000000000114ee4                xsh_ls
 .text          0x0000000000115415      0x50a binaries/xsh_memdump.o
                0x0000000000115415                xsh_memdump
 .text          0x000000000011591f      0x293 binaries/xsh_memstat.o
                0x000000000011591f                xsh_memstat
 .text          0x0000000000115bb2      0x5ae binaries/xsh_netinfo.o
                0x0000000000115bb2                xsh_netinfo
 .text          0x0000000000116160      0x5e8 binaries/xsh_ns.o
                0x0000000000116160                xsh_ns
 .text          0x0000000000116748      0x3c7 binaries/xsh_ping.o
                0x0000000000116748                xsh_ping
 .text          0x0000000000116b0f      0x25a binaries/xsh_ps.o
                0x0000000000116b0f                xsh_ps
 .text          0x0000000000116d69      0x20f binaries/xsh_sleep.o
                0x0000000000116d69                xsh_sleep
 .text          0x0000000000116f78      0x2b2 binaries/xsh_udpdump.o
                0x0000000000116f78                xsh_udpdump
 .text          0x000000000011722a      0x578 binaries/xsh_udpecho.o
                0x000000000011722a                xsh_udpecho
 .text          0x00000000001177a2      0x2c6 binaries/xsh_udpserver.o
                0x00000000001177a2                xsh_udpeserver
 .text          0x0000000000117a68      0x1dd binaries/xsh_uptime.o
                0x0000000000117a68                xsh_uptime
 .text          0x0000000000117c45        0xe binaries/clkdisp.o
                0x0000000000117c45                clkdisp
 .text          0x0000000000117c53       0x19 binaries/ctxsw.o
                0x0000000000117c53                ctxsw
 .text          0x0000000000117c6c      0x368 binaries/intr.o
                0x0000000000117c6c                disable
                0x0000000000117c75                restore
                0x0000000000117c83                enable
                0x0000000000117c85                pause
                0x0000000000117c8c                halt
                0x0000000000117c8f                spurious_irq7
                0x0000000000117c94                spurious_irq15
                0x0000000000117ca3                _Xint0
                0x0000000000117cae                _Xint1
                0x0000000000117cb9                _Xint2
                0x0000000000117cc4                _Xint3
                0x0000000000117ccf                _Xint4
                0x0000000000117cda                _Xint5
                0x0000000000117ce5                _Xint6
                0x0000000000117cf0                _Xint7
                0x0000000000117cfb                _Xint8
                0x0000000000117d06                _Xint9
                0x0000000000117d11                _Xint10
                0x0000000000117d1c                _Xint11
                0x0000000000117d2a                _Xint12
                0x0000000000117d38                _Xint13
                0x0000000000117d46                _Xint14
                0x0000000000117d54                _Xint15
                0x0000000000117d62                _Xint16
                0x0000000000117d70                _Xint17
                0x0000000000117d7e                _Xint18
                0x0000000000117d8c                _Xint19
                0x0000000000117d9a                _Xint20
                0x0000000000117da8                _Xint21
                0x0000000000117db6                _Xint22
                0x0000000000117dc4                _Xint23
                0x0000000000117dd2                _Xint24
                0x0000000000117de0                _Xint25
                0x0000000000117dee                _Xint26
                0x0000000000117dfc                _Xint27
                0x0000000000117e0a                _Xint28
                0x0000000000117e18                _Xint29
                0x0000000000117e26                _Xint30
                0x0000000000117e34                _Xint31
                0x0000000000117e42                _Xint32
                0x0000000000117e50                _Xint33
                0x0000000000117e5e                _Xint34
                0x0000000000117e6c                _Xint35
                0x0000000000117e7a                _Xint36
                0x0000000000117e88                _Xint37
                0x0000000000117e96                _Xint38
                0x0000000000117ea4                _Xint39
                0x0000000000117eb2                _Xint40
                0x0000000000117ec0                _Xint41
                0x0000000000117ece                _Xint42
                0x0000000000117edc                _Xint43
                0x0000000000117eea                _Xint44
                0x0000000000117ef8                _Xint45
                0x0000000000117f06                _Xint46
                0x0000000000117f14                defevec
 .text          0x0000000000117fd4        0xf binaries/ttydispatch.o
                0x0000000000117fd4                ttydispatch
 .text          0x0000000000117fe3       0x13 binaries/ethdispatch.o
                0x0000000000117fe3                ethdispatch
 *(.rodata .rodata.*)
 *fill*         0x0000000000117ff6        0x2 
 .rodata        0x0000000000117ff8       0x8e binaries/ascdate.o
 .rodata        0x0000000000118086       0xae binaries/conf.o
 .rodata        0x0000000000118134      0x22f binaries/evec.o
 *fill*         0x0000000000118363        0x1 
 .rodata        0x0000000000118364       0x61 binaries/getutime.o
 *fill*         0x00000000001183c5        0x3 
 .rodata        0x00000000001183c8       0x90 binaries/i386.o
 .rodata        0x0000000000118458      0x186 binaries/initialize.o
 *fill*         0x00000000001185de        0x2 
 .rodata        0x00000000001185e0       0x20 binaries/kill.o
 .rodata        0x0000000000118600      0x12a binaries/main.o
 .rodata        0x000000000011872a        0xf binaries/panic.o
 *fill*         0x0000000000118739        0x3 
 .rodata        0x000000000011873c      0x2aa binaries/pci.o
 .rodata        0x00000000001189e6       0x1d binaries/ptinit.o
 *fill*         0x0000000000118a03        0x1 
 .rodata        0x0000000000118a04       0x25 binaries/ptsend.o
 *fill*         0x0000000000118a29        0x3 
 .rodata        0x0000000000118a2c       0xb7 binaries/stacktrace.o
 *fill*         0x0000000000118ae3        0x1 
 .rodata        0x0000000000118ae4       0x27 binaries/xdone.o
 *fill*         0x0000000000118b0b       0x15 
 .rodata        0x0000000000118b20       0x81 binaries/ctype_.o
                0x0000000000118b20                _ctype_
 *fill*         0x0000000000118ba1        0x3 
 .rodata        0x0000000000118ba4       0xee binaries/doprnt.o
 *fill*         0x0000000000118c92        0x2 
 .rodata        0x0000000000118c94       0x98 binaries/doscan.o
 .rodata        0x0000000000118d2c       0xae binaries/fdoprnt.o
 *fill*         0x0000000000118dda        0x2 
 .rodata        0x0000000000118ddc       0x20 binaries/ttycontrol.o
 .rodata        0x0000000000118dfc       0x34 binaries/ttyhandler.o
 .rodata        0x0000000000118e30       0x14 binaries/mount.o
 .rodata        0x0000000000118e44       0x82 binaries/naminit.o
 *fill*         0x0000000000118ec6        0x2 
 .rodata        0x0000000000118ec8       0x2e binaries/82545EMInit.o
 *fill*         0x0000000000118ef6        0x2 
 .rodata        0x0000000000118ef8       0x78 binaries/ethinit.o
 .rodata        0x0000000000118f70       0x18 binaries/ethread.o
 .rodata        0x0000000000118f88       0x76 binaries/rdscomm.o
 *fill*         0x0000000000118ffe        0x2 
 .rodata        0x0000000000119000       0x21 binaries/rdscontrol.o
 *fill*         0x0000000000119021        0x3 
 .rodata        0x0000000000119024       0xae binaries/rdsopen.o
 *fill*         0x00000000001190d2        0x2 
 .rodata        0x00000000001190d4       0x3e binaries/rdsprocess.o
 *fill*         0x0000000000119112        0x2 
 .rodata        0x0000000000119114       0xe2 binaries/rdsqfcns.o
 .rodata        0x00000000001191f6        0x9 binaries/raminit.o
 *fill*         0x00000000001191ff        0x1 
 .rodata        0x0000000000119200       0x36 binaries/lfdballoc.o
 .rodata        0x0000000000119236       0x14 binaries/lfiballoc.o
 *fill*         0x000000000011924a        0x2 
 .rodata        0x000000000011924c       0x22 binaries/lflcontrol.o
 *fill*         0x000000000011926e        0x2 
 .rodata        0x0000000000119270      0x118 binaries/lfsckfmt.o
 .rodata        0x0000000000119388       0x66 binaries/lfsopen.o
 *fill*         0x00000000001193ee        0x2 
 .rodata        0x00000000001193f0       0x21 binaries/rflclose.o
 *fill*         0x0000000000119411        0x3 
 .rodata        0x0000000000119414       0x21 binaries/rflread.o
 *fill*         0x0000000000119435        0x3 
 .rodata        0x0000000000119438       0x21 binaries/rflwrite.o
 *fill*         0x0000000000119459        0x3 
 .rodata        0x000000000011945c       0xa1 binaries/rfscomm.o
 *fill*         0x00000000001194fd        0x3 
 .rodata        0x0000000000119500       0x3c binaries/rfscontrol.o
 .rodata        0x000000000011953c       0x2b binaries/rfsinit.o
 *fill*         0x0000000000119567        0x1 
 .rodata        0x0000000000119568       0x2a binaries/rfsndmsg.o
 *fill*         0x0000000000119592        0x2 
 .rodata        0x0000000000119594       0x21 binaries/rfsopen.o
 *fill*         0x00000000001195b5        0x3 
 .rodata        0x00000000001195b8       0x3a binaries/arp.o
 *fill*         0x00000000001195f2        0x2 
 .rodata        0x00000000001195f4       0xcf binaries/dhcp.o
 .rodata        0x00000000001196c3       0x24 binaries/dns.o
 *fill*         0x00000000001196e7        0x1 
 .rodata        0x00000000001196e8       0xc9 binaries/hexdump.o
 *fill*         0x00000000001197b1        0x3 
 .rodata        0x00000000001197b4       0x29 binaries/icmp.o
 *fill*         0x00000000001197dd        0x3 
 .rodata        0x00000000001197e0       0x52 binaries/ip.o
 *fill*         0x0000000000119832        0x2 
 .rodata        0x0000000000119834       0x4f binaries/net.o
 *fill*         0x0000000000119883        0x1 
 .rodata        0x0000000000119884      0x26f binaries/pdump.o
 *fill*         0x0000000000119af3        0x1 
 .rodata        0x0000000000119af4      0x154 binaries/tftp.o
 *fill*         0x0000000000119c48       0x18 
 .rodata        0x0000000000119c60      0x3f9 binaries/shell.o
                0x0000000000119d00                cmdtab
 .rodata        0x000000000011a059       0x28 binaries/xsh_argecho.o
 *fill*         0x000000000011a081        0x3 
 .rodata        0x000000000011a084      0x123 binaries/xsh_arp.o
 *fill*         0x000000000011a1a7        0x1 
 .rodata        0x000000000011a1a8       0xc9 binaries/xsh_cat.o
 .rodata        0x000000000011a271       0x19 binaries/xsh_clear.o
 *fill*         0x000000000011a28a        0x2 
 .rodata        0x000000000011a28c      0x1c3 binaries/xsh_date.o
 .rodata        0x000000000011a44f       0x5d binaries/xsh_devdump.o
 .rodata        0x000000000011a4ac        0x9 binaries/xsh_echo.o
 *fill*         0x000000000011a4b5        0x3 
 .rodata        0x000000000011a4b8      0x169 binaries/xsh_help.o
 *fill*         0x000000000011a621        0x3 
 .rodata        0x000000000011a624      0x12e binaries/xsh_kill.o
 *fill*         0x000000000011a752        0x2 
 .rodata        0x000000000011a754      0x190 binaries/xsh_ls.o
 .rodata        0x000000000011a8e4      0x266 binaries/xsh_memdump.o
 *fill*         0x000000000011ab4a        0x2 
 .rodata        0x000000000011ab4c      0x225 binaries/xsh_memstat.o
 *fill*         0x000000000011ad71        0x3 
 .rodata        0x000000000011ad74      0x1b0 binaries/xsh_netinfo.o
 *fill*         0x000000000011af24       0x1c 
 .rodata        0x000000000011af40      0x340 binaries/xsh_ns.o
 .rodata        0x000000000011b280      0x19d binaries/xsh_ping.o
 *fill*         0x000000000011b41d        0x3 
 .rodata        0x000000000011b420      0x1e0 binaries/xsh_ps.o
 .rodata        0x000000000011b600       0xeb binaries/xsh_sleep.o
 *fill*         0x000000000011b6eb        0x1 
 .rodata        0x000000000011b6ec      0x1b8 binaries/xsh_udpdump.o
 .rodata        0x000000000011b8a4      0x27d binaries/xsh_udpecho.o
 *fill*         0x000000000011bb21        0x3 
 .rodata        0x000000000011bb24      0x12b binaries/xsh_udpserver.o
 *fill*         0x000000000011bc4f        0x1 
 .rodata        0x000000000011bc50      0x105 binaries/xsh_uptime.o
                0x000000000011bd55                etext = ABSOLUTE (.)
                0x000000000011c000                . = ALIGN (0x1000)
 *fill*         0x000000000011bd55      0x2ab 

.eh_frame       0x000000000011c000     0x2e1c
 .eh_frame      0x000000000011c000       0x40 binaries/ascdate.o
 .eh_frame      0x000000000011c040       0x20 binaries/bufinit.o
                                         0x38 (size before relaxing)
 .eh_frame      0x000000000011c060       0x20 binaries/chprio.o
                                         0x38 (size before relaxing)
 .eh_frame      0x000000000011c080       0x20 binaries/clkhandler.o
                                         0x38 (size before relaxing)
 .eh_frame      0x000000000011c0a0       0x20 binaries/clkinit.o
                                         0x38 (size before relaxing)
 .eh_frame      0x000000000011c0c0       0x20 binaries/close.o
                                         0x38 (size before relaxing)
 .eh_frame      0x000000000011c0e0       0x20 binaries/control.o
                                         0x38 (size before relaxing)
 .eh_frame      0x000000000011c100       0x20 binaries/create.o
                                         0x38 (size before relaxing)
 .eh_frame      0x000000000011c120       0x60 binaries/evec.o
                                         0x78 (size before relaxing)
 .eh_frame      0x000000000011c180       0x20 binaries/exit.o
                                         0x38 (size before relaxing)
 .eh_frame      0x000000000011c1a0       0x20 binaries/fork.o
                                         0x38 (size before relaxing)
 .eh_frame      0x000000000011c1c0       0x20 binaries/freebuf.o
                                         0x38 (size before relaxing)
 .eh_frame      0x000000000011c1e0       0x20 binaries/freemem.o
                                         0x38 (size before relaxing)
 .eh_frame      0x000000000011c200       0x20 binaries/getbuf.o
                                         0x38 (size before relaxing)
 .eh_frame      0x000000000011c220       0x20 binaries/getc.o
                                         0x38 (size before relaxing)
 .eh_frame      0x000000000011c240       0x20 binaries/getdev.o
                                         0x38 (size before relaxing)
 .eh_frame      0x000000000011c260       0x60 binaries/getitem.o
                                         0x78 (size before relaxing)
 .eh_frame      0x000000000011c2c0       0x20 binaries/getmem.o
                                         0x38 (size before relaxing)
 .eh_frame      0x000000000011c2e0       0x20 binaries/getpid.o
                                         0x38 (size before relaxing)
 .eh_frame      0x000000000011c300       0x20 binaries/getprio.o
                                         0x38 (size before relaxing)
 .eh_frame      0x000000000011c320       0x20 binaries/getstk.o
                                         0x38 (size before relaxing)
 .eh_frame      0x000000000011c340       0x20 binaries/getticks.o
                                         0x38 (size before relaxing)
 .eh_frame      0x000000000011c360       0x20 binaries/gettime.o
                                         0x38 (size before relaxing)
 .eh_frame      0x000000000011c380       0x20 binaries/getutime.o
                                         0x38 (size before relaxing)
 .eh_frame      0x000000000011c3a0       0x8c binaries/i386.o
                                         0xa4 (size before relaxing)
 .eh_frame      0x000000000011c42c       0x20 binaries/init.o
                                         0x38 (size before relaxing)
 .eh_frame      0x000000000011c44c       0xa0 binaries/initialize.o
                                         0xb8 (size before relaxing)
 .eh_frame      0x000000000011c4ec       0x20 binaries/insert.o
                                         0x38 (size before relaxing)
 .eh_frame      0x000000000011c50c       0x20 binaries/insertd.o
                                         0x38 (size before relaxing)
 .eh_frame      0x000000000011c52c       0x20 binaries/ioerr.o
                                         0x38 (size before relaxing)
 .eh_frame      0x000000000011c54c       0x20 binaries/ionull.o
                                         0x38 (size before relaxing)
 .eh_frame      0x000000000011c56c       0x20 binaries/kill.o
                                         0x38 (size before relaxing)
 .eh_frame      0x000000000011c58c       0x60 binaries/kprintf.o
                                         0x78 (size before relaxing)
 .eh_frame      0x000000000011c5ec       0xd0 binaries/main.o
                                         0xe8 (size before relaxing)
 .eh_frame      0x000000000011c6bc       0x40 binaries/mark.o
                                         0x58 (size before relaxing)
 .eh_frame      0x000000000011c6fc       0x20 binaries/meminit.o
                                         0x38 (size before relaxing)
 .eh_frame      0x000000000011c71c       0x20 binaries/mkbufpool.o
                                         0x38 (size before relaxing)
 .eh_frame      0x000000000011c73c       0x20 binaries/newpid.o
                                         0x38 (size before relaxing)
 .eh_frame      0x000000000011c75c       0x20 binaries/newqueue.o
                                         0x38 (size before relaxing)
 .eh_frame      0x000000000011c77c       0x20 binaries/open.o
                                         0x38 (size before relaxing)
 .eh_frame      0x000000000011c79c       0x1c binaries/panic.o
                                         0x34 (size before relaxing)
 .eh_frame      0x000000000011c7b8      0x1cc binaries/pci.o
                                        0x1e4 (size before relaxing)
 .eh_frame      0x000000000011c984       0x20 binaries/ptclear.o
                                         0x38 (size before relaxing)
 .eh_frame      0x000000000011c9a4       0x20 binaries/ptcount.o
                                         0x38 (size before relaxing)
 .eh_frame      0x000000000011c9c4       0x20 binaries/ptcreate.o
                                         0x38 (size before relaxing)
 .eh_frame      0x000000000011c9e4       0x20 binaries/ptdelete.o
                                         0x38 (size before relaxing)
 .eh_frame      0x000000000011ca04       0x20 binaries/ptinit.o
                                         0x38 (size before relaxing)
 .eh_frame      0x000000000011ca24       0x20 binaries/ptrecv.o
                                         0x38 (size before relaxing)
 .eh_frame      0x000000000011ca44       0x20 binaries/ptreset.o
                                         0x38 (size before relaxing)
 .eh_frame      0x000000000011ca64       0x20 binaries/ptsend.o
                                         0x38 (size before relaxing)
 .eh_frame      0x000000000011ca84       0x20 binaries/putc.o
                                         0x38 (size before relaxing)
 .eh_frame      0x000000000011caa4       0x40 binaries/queue.o
                                         0x58 (size before relaxing)
 .eh_frame      0x000000000011cae4       0x20 binaries/read.o
                                         0x38 (size before relaxing)
 .eh_frame      0x000000000011cb04       0x24 binaries/ready.o
                                         0x3c (size before relaxing)
 .eh_frame      0x000000000011cb28       0x20 binaries/receive.o
                                         0x38 (size before relaxing)
 .eh_frame      0x000000000011cb48       0x20 binaries/recvclr.o
                                         0x38 (size before relaxing)
 .eh_frame      0x000000000011cb68       0x20 binaries/recvtime.o
                                         0x38 (size before relaxing)
 .eh_frame      0x000000000011cb88       0x40 binaries/resched.o
                                         0x58 (size before relaxing)
 .eh_frame      0x000000000011cbc8       0x20 binaries/resume.o
                                         0x38 (size before relaxing)
 .eh_frame      0x000000000011cbe8       0x20 binaries/seek.o
                                         0x38 (size before relaxing)
 .eh_frame      0x000000000011cc08       0x20 binaries/semcount.o
                                         0x38 (size before relaxing)
 .eh_frame      0x000000000011cc28       0x40 binaries/semcreate.o
                                         0x58 (size before relaxing)
 .eh_frame      0x000000000011cc68       0x20 binaries/semdelete.o
                                         0x38 (size before relaxing)
 .eh_frame      0x000000000011cc88       0x20 binaries/semreset.o
                                         0x38 (size before relaxing)
 .eh_frame      0x000000000011cca8       0x20 binaries/send.o
                                         0x38 (size before relaxing)
 .eh_frame      0x000000000011ccc8       0x20 binaries/signal.o
                                         0x38 (size before relaxing)
 .eh_frame      0x000000000011cce8       0x20 binaries/signaln.o
                                         0x38 (size before relaxing)
 .eh_frame      0x000000000011cd08       0x40 binaries/sleep.o
                                         0x58 (size before relaxing)
 .eh_frame      0x000000000011cd48       0x20 binaries/stacktrace.o
                                         0x38 (size before relaxing)
 .eh_frame      0x000000000011cd68       0x20 binaries/suspend.o
                                         0x38 (size before relaxing)
 .eh_frame      0x000000000011cd88       0x20 binaries/unsleep.o
                                         0x38 (size before relaxing)
 .eh_frame      0x000000000011cda8       0x20 binaries/userret.o
                                         0x38 (size before relaxing)
 .eh_frame      0x000000000011cdc8       0x20 binaries/wait.o
                                         0x38 (size before relaxing)
 .eh_frame      0x000000000011cde8       0x20 binaries/wakeup.o
                                         0x38 (size before relaxing)
 .eh_frame      0x000000000011ce08       0x20 binaries/write.o
                                         0x38 (size before relaxing)
 .eh_frame      0x000000000011ce28       0x20 binaries/xdone.o
                                         0x38 (size before relaxing)
 .eh_frame      0x000000000011ce48       0x20 binaries/yield.o
                                         0x38 (size before relaxing)
 .eh_frame      0x000000000011ce68       0x20 binaries/abs.o
                                         0x38 (size before relaxing)
 .eh_frame      0x000000000011ce88       0x20 binaries/atoi.o
                                         0x38 (size before relaxing)
 .eh_frame      0x000000000011cea8       0x20 binaries/atol.o
                                         0x38 (size before relaxing)
 .eh_frame      0x000000000011cec8       0x20 binaries/bzero.o
                                         0x38 (size before relaxing)
 .eh_frame      0x000000000011cee8       0xe4 binaries/doprnt.o
                                         0xfc (size before relaxing)
 .eh_frame      0x000000000011cfcc       0xb0 binaries/doscan.o
                                         0xc8 (size before relaxing)
 .eh_frame      0x000000000011d07c       0xc0 binaries/fdoprnt.o
                                         0xd8 (size before relaxing)
 .eh_frame      0x000000000011d13c       0x20 binaries/fgetc.o
                                         0x38 (size before relaxing)
 .eh_frame      0x000000000011d15c       0x20 binaries/fgets.o
                                         0x38 (size before relaxing)
 .eh_frame      0x000000000011d17c       0x20 binaries/fprintf.o
                                         0x38 (size before relaxing)
 .eh_frame      0x000000000011d19c       0x20 binaries/fputc.o
                                         0x38 (size before relaxing)
 .eh_frame      0x000000000011d1bc       0x20 binaries/fputs.o
                                         0x38 (size before relaxing)
 .eh_frame      0x000000000011d1dc       0x60 binaries/fscanf.o
                                         0x78 (size before relaxing)
 .eh_frame      0x000000000011d23c       0x20 binaries/getchar.o
                                         0x38 (size before relaxing)
 .eh_frame      0x000000000011d25c       0x20 binaries/labs.o
                                         0x38 (size before relaxing)
 .eh_frame      0x000000000011d27c       0x20 binaries/memcmp.o
                                         0x38 (size before relaxing)
 .eh_frame      0x000000000011d29c       0x24 binaries/memcpy.o
                                         0x3c (size before relaxing)
 .eh_frame      0x000000000011d2c0       0x24 binaries/memset.o
                                         0x3c (size before relaxing)
 .eh_frame      0x000000000011d2e4       0x20 binaries/printf.o
                                         0x38 (size before relaxing)
 .eh_frame      0x000000000011d304       0x20 binaries/putchar.o
                                         0x38 (size before relaxing)
 .eh_frame      0x000000000011d324       0xa8 binaries/qsort.o
                                         0xc0 (size before relaxing)
 .eh_frame      0x000000000011d3cc       0x60 binaries/rand.o
                                         0x78 (size before relaxing)
 .eh_frame      0x000000000011d42c       0x40 binaries/sprintf.o
                                         0x58 (size before relaxing)
 .eh_frame      0x000000000011d46c       0x60 binaries/sscanf.o
                                         0x78 (size before relaxing)
 .eh_frame      0x000000000011d4cc       0x20 binaries/strchr.o
                                         0x38 (size before relaxing)
 .eh_frame      0x000000000011d4ec       0x20 binaries/strcmp.o
                                         0x38 (size before relaxing)
 .eh_frame      0x000000000011d50c       0x20 binaries/strcpy.o
                                         0x38 (size before relaxing)
 .eh_frame      0x000000000011d52c       0x20 binaries/strlen.o
                                         0x38 (size before relaxing)
 .eh_frame      0x000000000011d54c       0x20 binaries/strncat.o
                                         0x38 (size before relaxing)
 .eh_frame      0x000000000011d56c       0x20 binaries/strncmp.o
                                         0x38 (size before relaxing)
 .eh_frame      0x000000000011d58c       0x28 binaries/strncpy.o
                                         0x40 (size before relaxing)
 .eh_frame      0x000000000011d5b4       0x20 binaries/strnlen.o
                                         0x38 (size before relaxing)
 .eh_frame      0x000000000011d5d4       0x20 binaries/strrchr.o
                                         0x38 (size before relaxing)
 .eh_frame      0x000000000011d5f4       0x20 binaries/strstr.o
                                         0x38 (size before relaxing)
 .eh_frame      0x000000000011d614       0x20 binaries/ttycontrol.o
                                         0x38 (size before relaxing)
 .eh_frame      0x000000000011d634       0x20 binaries/ttygetc.o
                                         0x38 (size before relaxing)
 .eh_frame      0x000000000011d654       0x80 binaries/ttyhandle_in.o
                                         0x98 (size before relaxing)
 .eh_frame      0x000000000011d6d4       0x20 binaries/ttyhandle_out.o
                                         0x38 (size before relaxing)
 .eh_frame      0x000000000011d6f4       0x20 binaries/ttyhandler.o
                                         0x38 (size before relaxing)
 .eh_frame      0x000000000011d714       0x20 binaries/ttyinit.o
                                         0x38 (size before relaxing)
 .eh_frame      0x000000000011d734       0x20 binaries/ttykickout.o
                                         0x38 (size before relaxing)
 .eh_frame      0x000000000011d754       0x20 binaries/ttyputc.o
                                         0x38 (size before relaxing)
 .eh_frame      0x000000000011d774       0x28 binaries/ttyread.o
                                         0x40 (size before relaxing)
 .eh_frame      0x000000000011d79c       0x20 binaries/ttywrite.o
                                         0x38 (size before relaxing)
 .eh_frame      0x000000000011d7bc       0x40 binaries/mount.o
                                         0x58 (size before relaxing)
 .eh_frame      0x000000000011d7fc       0x20 binaries/naminit.o
                                         0x38 (size before relaxing)
 .eh_frame      0x000000000011d81c       0x60 binaries/nammap.o
                                         0x78 (size before relaxing)
 .eh_frame      0x000000000011d87c       0x20 binaries/namopen.o
                                         0x38 (size before relaxing)
 .eh_frame      0x000000000011d89c      0x150 binaries/82545EMInit.o
                                        0x168 (size before relaxing)
 .eh_frame      0x000000000011d9ec       0xa0 binaries/ethcontrol.o
                                         0xb8 (size before relaxing)
 .eh_frame      0x000000000011da8c       0x80 binaries/ethhandler.o
                                         0x98 (size before relaxing)
 .eh_frame      0x000000000011db0c       0x20 binaries/ethinit.o
                                         0x38 (size before relaxing)
 .eh_frame      0x000000000011db2c       0x60 binaries/ethread.o
                                         0x78 (size before relaxing)
 .eh_frame      0x000000000011db8c       0x60 binaries/ethwrite.o
                                         0x78 (size before relaxing)
 .eh_frame      0x000000000011dbec       0x20 binaries/rdscomm.o
                                         0x38 (size before relaxing)
 .eh_frame      0x000000000011dc0c       0x20 binaries/rdscontrol.o
                                         0x38 (size before relaxing)
 .eh_frame      0x000000000011dc2c       0x20 binaries/rdsinit.o
                                         0x38 (size before relaxing)
 .eh_frame      0x000000000011dc4c       0x20 binaries/rdsopen.o
                                         0x38 (size before relaxing)
 .eh_frame      0x000000000011dc6c       0x1c binaries/rdsprocess.o
                                         0x34 (size before relaxing)
 .eh_frame      0x000000000011dc88       0xc0 binaries/rdsqfcns.o
                                         0xd8 (size before relaxing)
 .eh_frame      0x000000000011dd48       0x20 binaries/rdsread.o
                                         0x38 (size before relaxing)
 .eh_frame      0x000000000011dd68       0x20 binaries/rdssetprio.o
                                         0x38 (size before relaxing)
 .eh_frame      0x000000000011dd88       0x20 binaries/rdswrite.o
                                         0x38 (size before relaxing)
 .eh_frame      0x000000000011dda8       0x20 binaries/ramclose.o
                                         0x38 (size before relaxing)
 .eh_frame      0x000000000011ddc8       0x20 binaries/raminit.o
                                         0x38 (size before relaxing)
 .eh_frame      0x000000000011dde8       0x20 binaries/ramopen.o
                                         0x38 (size before relaxing)
 .eh_frame      0x000000000011de08       0x20 binaries/ramread.o
                                         0x38 (size before relaxing)
 .eh_frame      0x000000000011de28       0x20 binaries/ramwrite.o
                                         0x38 (size before relaxing)
 .eh_frame      0x000000000011de48       0x20 binaries/lfdballoc.o
                                         0x38 (size before relaxing)
 .eh_frame      0x000000000011de68       0x20 binaries/lfdbfree.o
                                         0x38 (size before relaxing)
 .eh_frame      0x000000000011de88       0x20 binaries/lfflush.o
                                         0x38 (size before relaxing)
 .eh_frame      0x000000000011dea8       0x20 binaries/lfgetmode.o
                                         0x38 (size before relaxing)
 .eh_frame      0x000000000011dec8       0x20 binaries/lfiballoc.o
                                         0x38 (size before relaxing)
 .eh_frame      0x000000000011dee8       0x20 binaries/lfibclear.o
                                         0x38 (size before relaxing)
 .eh_frame      0x000000000011df08       0x20 binaries/lfibget.o
                                         0x38 (size before relaxing)
 .eh_frame      0x000000000011df28       0x20 binaries/lfibput.o
                                         0x38 (size before relaxing)
 .eh_frame      0x000000000011df48       0x20 binaries/lflclose.o
                                         0x38 (size before relaxing)
 .eh_frame      0x000000000011df68       0x20 binaries/lflcontrol.o
                                         0x38 (size before relaxing)
 .eh_frame      0x000000000011df88       0x20 binaries/lflgetc.o
                                         0x38 (size before relaxing)
 .eh_frame      0x000000000011dfa8       0x20 binaries/lflinit.o
                                         0x38 (size before relaxing)
 .eh_frame      0x000000000011dfc8       0x20 binaries/lflputc.o
                                         0x38 (size before relaxing)
 .eh_frame      0x000000000011dfe8       0x20 binaries/lflread.o
                                         0x38 (size before relaxing)
 .eh_frame      0x000000000011e008       0x20 binaries/lflseek.o
                                         0x38 (size before relaxing)
 .eh_frame      0x000000000011e028       0x20 binaries/lflwrite.o
                                         0x38 (size before relaxing)
 .eh_frame      0x000000000011e048       0x20 binaries/lfscheck.o
                                         0x38 (size before relaxing)
 .eh_frame      0x000000000011e068       0x20 binaries/lfsckfmt.o
                                         0x38 (size before relaxing)
 .eh_frame      0x000000000011e088       0x20 binaries/lfscreate.o
                                         0x38 (size before relaxing)
 .eh_frame      0x000000000011e0a8       0x20 binaries/lfsetup.o
                                         0x38 (size before relaxing)
 .eh_frame      0x000000000011e0c8       0x20 binaries/lfsinit.o
                                         0x38 (size before relaxing)
 .eh_frame      0x000000000011e0e8       0x20 binaries/lfsopen.o
                                         0x38 (size before relaxing)
 .eh_frame      0x000000000011e108       0x20 binaries/lftruncate.o
                                         0x38 (size before relaxing)
 .eh_frame      0x000000000011e128       0x20 binaries/rflclose.o
                                         0x38 (size before relaxing)
 .eh_frame      0x000000000011e148       0x20 binaries/rflgetc.o
                                         0x38 (size before relaxing)
 .eh_frame      0x000000000011e168       0x20 binaries/rflinit.o
                                         0x38 (size before relaxing)
 .eh_frame      0x000000000011e188       0x20 binaries/rflputc.o
                                         0x38 (size before relaxing)
 .eh_frame      0x000000000011e1a8       0x20 binaries/rflread.o
                                         0x38 (size before relaxing)
 .eh_frame      0x000000000011e1c8       0x20 binaries/rflseek.o
                                         0x38 (size before relaxing)
 .eh_frame      0x000000000011e1e8       0x20 binaries/rflwrite.o
                                         0x38 (size before relaxing)
 .eh_frame      0x000000000011e208       0x20 binaries/rfscomm.o
                                         0x38 (size before relaxing)
 .eh_frame      0x000000000011e228       0x20 binaries/rfscontrol.o
                                         0x38 (size before relaxing)
 .eh_frame      0x000000000011e248       0x20 binaries/rfsgetmode.o
                                         0x38 (size before relaxing)
 .eh_frame      0x000000000011e268       0x20 binaries/rfsinit.o
                                         0x38 (size before relaxing)
 .eh_frame      0x000000000011e288       0x20 binaries/rfsndmsg.o
                                         0x38 (size before relaxing)
 .eh_frame      0x000000000011e2a8       0x20 binaries/rfsopen.o
                                         0x38 (size before relaxing)
 .eh_frame      0x000000000011e2c8       0xc0 binaries/arp.o
                                         0xd8 (size before relaxing)
 .eh_frame      0x000000000011e388       0xa0 binaries/dhcp.o
                                         0xb8 (size before relaxing)
 .eh_frame      0x000000000011e428       0x80 binaries/dns.o
                                         0x98 (size before relaxing)
 .eh_frame      0x000000000011e4a8       0x20 binaries/dot2ip.o
                                         0x38 (size before relaxing)
 .eh_frame      0x000000000011e4c8       0x40 binaries/hexdump.o
                                         0x58 (size before relaxing)
 .eh_frame      0x000000000011e508      0x150 binaries/icmp.o
                                        0x168 (size before relaxing)
 .eh_frame      0x000000000011e658      0x11c binaries/ip.o
                                        0x134 (size before relaxing)
 .eh_frame      0x000000000011e774       0xa0 binaries/net.o
                                         0xb8 (size before relaxing)
 .eh_frame      0x000000000011e814       0x60 binaries/pdump.o
                                         0x78 (size before relaxing)
 .eh_frame      0x000000000011e874       0x60 binaries/tftp.o
                                         0x78 (size before relaxing)
 .eh_frame      0x000000000011e8d4      0x140 binaries/udp.o
                                        0x158 (size before relaxing)
 .eh_frame      0x000000000011ea14       0x20 binaries/addargs.o
                                         0x38 (size before relaxing)
 .eh_frame      0x000000000011ea34       0x20 binaries/lexan.o
                                         0x38 (size before relaxing)
 .eh_frame      0x000000000011ea54       0x20 binaries/shell.o
                                         0x38 (size before relaxing)
 .eh_frame      0x000000000011ea74       0x20 binaries/xsh_argecho.o
                                         0x38 (size before relaxing)
 .eh_frame      0x000000000011ea94       0x40 binaries/xsh_arp.o
                                         0x58 (size before relaxing)
 .eh_frame      0x000000000011ead4       0x20 binaries/xsh_cat.o
                                         0x38 (size before relaxing)
 .eh_frame      0x000000000011eaf4       0x20 binaries/xsh_clear.o
                                         0x38 (size before relaxing)
 .eh_frame      0x000000000011eb14       0x20 binaries/xsh_date.o
                                         0x38 (size before relaxing)
 .eh_frame      0x000000000011eb34       0x20 binaries/xsh_devdump.o
                                         0x38 (size before relaxing)
 .eh_frame      0x000000000011eb54       0x20 binaries/xsh_echo.o
                                         0x38 (size before relaxing)
 .eh_frame      0x000000000011eb74       0x20 binaries/xsh_exit.o
                                         0x38 (size before relaxing)
 .eh_frame      0x000000000011eb94       0x2c binaries/xsh_help.o
                                         0x44 (size before relaxing)
 .eh_frame      0x000000000011ebc0       0x20 binaries/xsh_kill.o
                                         0x38 (size before relaxing)
 .eh_frame      0x000000000011ebe0       0x2c binaries/xsh_ls.o
                                         0x44 (size before relaxing)
 .eh_frame      0x000000000011ec0c       0x40 binaries/xsh_memdump.o
                                         0x58 (size before relaxing)
 .eh_frame      0x000000000011ec4c       0x60 binaries/xsh_memstat.o
                                         0x78 (size before relaxing)
 .eh_frame      0x000000000011ecac       0x30 binaries/xsh_netinfo.o
                                         0x48 (size before relaxing)
 .eh_frame      0x000000000011ecdc       0x30 binaries/xsh_ns.o
                                         0x48 (size before relaxing)
 .eh_frame      0x000000000011ed0c       0x28 binaries/xsh_ping.o
                                         0x40 (size before relaxing)
 .eh_frame      0x000000000011ed34       0x30 binaries/xsh_ps.o
                                         0x48 (size before relaxing)
 .eh_frame      0x000000000011ed64       0x20 binaries/xsh_sleep.o
                                         0x38 (size before relaxing)
 .eh_frame      0x000000000011ed84       0x20 binaries/xsh_udpdump.o
                                         0x38 (size before relaxing)
 .eh_frame      0x000000000011eda4       0x30 binaries/xsh_udpecho.o
                                         0x48 (size before relaxing)
 .eh_frame      0x000000000011edd4       0x28 binaries/xsh_udpserver.o
                                         0x40 (size before relaxing)
 .eh_frame      0x000000000011edfc       0x20 binaries/xsh_uptime.o
                                         0x38 (size before relaxing)

.iplt           0x000000000011ee1c        0x0
 .iplt          0x000000000011ee1c        0x0 binaries/start.o

.rel.dyn        0x000000000011ee1c        0x0
 .rel.got       0x000000000011ee1c        0x0 binaries/start.o
 .rel.iplt      0x000000000011ee1c        0x0 binaries/start.o
 .rel.text      0x000000000011ee1c        0x0 binaries/start.o

.data           0x000000000011ee20     0x11e0
                0x000000000011ee20                data = ABSOLUTE (.)
 *(.data .data.*)
 .data          0x000000000011ee20      0x460 binaries/start.o
                0x000000000011ee20                gdt
                0x000000000011ee60                gdtr
                0x000000000011ee66                idt
                0x000000000011f266                idtr
                0x000000000011f26c                cpudelay
                0x000000000011f270                _bootdev
                0x000000000011f274                _cyloffset
 .data          0x000000000011f280       0x88 binaries/ascdate.o
                0x000000000011f280                Date
 .data          0x000000000011f308        0x0 binaries/bufinit.o
 .data          0x000000000011f308        0x0 binaries/chprio.o
 .data          0x000000000011f308        0x4 binaries/clkhandler.o
 .data          0x000000000011f30c        0x0 binaries/clkinit.o
 .data          0x000000000011f30c        0x0 binaries/close.o
 *fill*         0x000000000011f30c       0x14 
 .data          0x000000000011f320      0x5a0 binaries/conf.o
                0x000000000011f320                devtab
 .data          0x000000000011f8c0        0x0 binaries/control.o
 .data          0x000000000011f8c0        0x0 binaries/create.o
 .data          0x000000000011f8c0       0x40 binaries/evec.o
                0x000000000011f8c0                inames
 .data          0x000000000011f900        0x0 binaries/exit.o
 .data          0x000000000011f900        0x0 binaries/fork.o
 .data          0x000000000011f900        0x0 binaries/freebuf.o
 .data          0x000000000011f900        0x0 binaries/freemem.o
 .data          0x000000000011f900        0x0 binaries/getbuf.o
 .data          0x000000000011f900        0x0 binaries/getc.o
 .data          0x000000000011f900        0x0 binaries/getdev.o
 .data          0x000000000011f900        0x0 binaries/getitem.o
 .data          0x000000000011f900        0x0 binaries/getmem.o
 .data          0x000000000011f900        0x0 binaries/getpid.o
 .data          0x000000000011f900        0x0 binaries/getprio.o
 .data          0x000000000011f900        0x0 binaries/getstk.o
 .data          0x000000000011f900        0x0 binaries/getticks.o
 .data          0x000000000011f900        0x0 binaries/gettime.o
 .data          0x000000000011f900        0x0 binaries/getutime.o
 .data          0x000000000011f900       0x40 binaries/i386.o
                0x000000000011f900                gdt_copy
 .data          0x000000000011f940        0x0 binaries/init.o
 .data          0x000000000011f940        0x0 binaries/initialize.o
 .data          0x000000000011f940        0x0 binaries/insert.o
 .data          0x000000000011f940        0x0 binaries/insertd.o
 .data          0x000000000011f940        0x0 binaries/ioerr.o
 .data          0x000000000011f940        0x0 binaries/ionull.o
 .data          0x000000000011f940        0x0 binaries/kill.o
 .data          0x000000000011f940        0x0 binaries/kprintf.o
 .data          0x000000000011f940        0x0 binaries/main.o
 .data          0x000000000011f940        0x0 binaries/mark.o
 .data          0x000000000011f940        0x0 binaries/meminit.o
 .data          0x000000000011f940        0x0 binaries/mkbufpool.o
 .data          0x000000000011f940        0x4 binaries/newpid.o
 .data          0x000000000011f944        0x2 binaries/newqueue.o
[...]
 .comment       0x0000000000000023       0x24 binaries/ip.o
 .comment       0x0000000000000023       0x24 binaries/net.o
 .comment       0x0000000000000023       0x24 binaries/pdump.o
 .comment       0x0000000000000023       0x24 binaries/tftp.o
 .comment       0x0000000000000023       0x24 binaries/udp.o
 .comment       0x0000000000000023       0x24 binaries/addargs.o
 .comment       0x0000000000000023       0x24 binaries/lexan.o
 .comment       0x0000000000000023       0x24 binaries/shell.o
 .comment       0x0000000000000023       0x24 binaries/xsh_argecho.o
 .comment       0x0000000000000023       0x24 binaries/xsh_arp.o
 .comment       0x0000000000000023       0x24 binaries/xsh_cat.o
 .comment       0x0000000000000023       0x24 binaries/xsh_clear.o
 .comment       0x0000000000000023       0x24 binaries/xsh_date.o
 .comment       0x0000000000000023       0x24 binaries/xsh_devdump.o
 .comment       0x0000000000000023       0x24 binaries/xsh_echo.o
 .comment       0x0000000000000023       0x24 binaries/xsh_exit.o
 .comment       0x0000000000000023       0x24 binaries/xsh_help.o
 .comment       0x0000000000000023       0x24 binaries/xsh_kill.o
 .comment       0x0000000000000023       0x24 binaries/xsh_ls.o
 .comment       0x0000000000000023       0x24 binaries/xsh_memdump.o
 .comment       0x0000000000000023       0x24 binaries/xsh_memstat.o
 .comment       0x0000000000000023       0x24 binaries/xsh_netinfo.o
 .comment       0x0000000000000023       0x24 binaries/xsh_ns.o
 .comment       0x0000000000000023       0x24 binaries/xsh_ping.o
 .comment       0x0000000000000023       0x24 binaries/xsh_ps.o
 .comment       0x0000000000000023       0x24 binaries/xsh_sleep.o
 .comment       0x0000000000000023       0x24 binaries/xsh_udpdump.o
 .comment       0x0000000000000023       0x24 binaries/xsh_udpecho.o
 .comment       0x0000000000000023       0x24 binaries/xsh_udpserver.o
 .comment       0x0000000000000023       0x24 binaries/xsh_uptime.o

.note.GNU-stack
                0x0000000000000000        0x0
 .note.GNU-stack
                0x0000000000000000        0x0 binaries/ascdate.o
 .note.GNU-stack
                0x0000000000000000        0x0 binaries/bufinit.o
 .note.GNU-stack
                0x0000000000000000        0x0 binaries/chprio.o
 .note.GNU-stack
                0x0000000000000000        0x0 binaries/clkhandler.o
 .note.GNU-stack
                0x0000000000000000        0x0 binaries/clkinit.o
 .note.GNU-stack
                0x0000000000000000        0x0 binaries/close.o
 .note.GNU-stack
                0x0000000000000000        0x0 binaries/conf.o
 .note.GNU-stack
                0x0000000000000000        0x0 binaries/control.o
 .note.GNU-stack
                0x0000000000000000        0x0 binaries/create.o
 .note.GNU-stack
                0x0000000000000000        0x0 binaries/evec.o
 .note.GNU-stack
                0x0000000000000000        0x0 binaries/exit.o
 .note.GNU-stack
                0x0000000000000000        0x0 binaries/fork.o
 .note.GNU-stack
                0x0000000000000000        0x0 binaries/freebuf.o
 .note.GNU-stack
                0x0000000000000000        0x0 binaries/freemem.o
 .note.GNU-stack
                0x0000000000000000        0x0 binaries/getbuf.o
 .note.GNU-stack
                0x0000000000000000        0x0 binaries/getc.o
 .note.GNU-stack
                0x0000000000000000        0x0 binaries/getdev.o
 .note.GNU-stack
                0x0000000000000000        0x0 binaries/getitem.o
 .note.GNU-stack
                0x0000000000000000        0x0 binaries/getmem.o
 .note.GNU-stack
                0x0000000000000000        0x0 binaries/getpid.o
 .note.GNU-stack
                0x0000000000000000        0x0 binaries/getprio.o
 .note.GNU-stack
                0x0000000000000000        0x0 binaries/getstk.o
 .note.GNU-stack
                0x0000000000000000        0x0 binaries/getticks.o
 .note.GNU-stack
                0x0000000000000000        0x0 binaries/gettime.o
 .note.GNU-stack
                0x0000000000000000        0x0 binaries/getutime.o
 .note.GNU-stack
                0x0000000000000000        0x0 binaries/i386.o
 .note.GNU-stack
                0x0000000000000000        0x0 binaries/init.o
 .note.GNU-stack
                0x0000000000000000        0x0 binaries/initialize.o
 .note.GNU-stack
                0x0000000000000000        0x0 binaries/insert.o
 .note.GNU-stack
                0x0000000000000000        0x0 binaries/insertd.o
 .note.GNU-stack
                0x0000000000000000        0x0 binaries/ioerr.o
 .note.GNU-stack
                0x0000000000000000        0x0 binaries/ionull.o
 .note.GNU-stack
                0x0000000000000000        0x0 binaries/kill.o
 .note.GNU-stack
                0x0000000000000000        0x0 binaries/kprintf.o
 .note.GNU-stack
                0x0000000000000000        0x0 binaries/main.o
 .note.GNU-stack
                0x0000000000000000        0x0 binaries/mark.o
 .note.GNU-stack
                0x0000000000000000        0x0 binaries/meminit.o
 .note.GNU-stack
                0x0000000000000000        0x0 binaries/mkbufpool.o
 .note.GNU-stack
                0x0000000000000000        0x0 binaries/newpid.o
 .note.GNU-stack
                0x0000000000000000        0x0 binaries/newqueue.o
 .note.GNU-stack
                0x0000000000000000        0x0 binaries/open.o
 .note.GNU-stack
                0x0000000000000000        0x0 binaries/panic.o
 .note.GNU-stack
                0x0000000000000000        0x0 binaries/pci.o
 .note.GNU-stack
                0x0000000000000000        0x0 binaries/ptclear.o
 .note.GNU-stack
                0x0000000000000000        0x0 binaries/ptcount.o
 .note.GNU-stack
                0x0000000000000000        0x0 binaries/ptcreate.o
 .note.GNU-stack
                0x0000000000000000        0x0 binaries/ptdelete.o
 .note.GNU-stack
                0x0000000000000000        0x0 binaries/ptinit.o
 .note.GNU-stack
                0x0000000000000000        0x0 binaries/ptrecv.o
 .note.GNU-stack
                0x0000000000000000        0x0 binaries/ptreset.o
 .note.GNU-stack
                0x0000000000000000        0x0 binaries/ptsend.o
 .note.GNU-stack
                0x0000000000000000        0x0 binaries/putc.o
 .note.GNU-stack
                0x0000000000000000        0x0 binaries/queue.o
 .note.GNU-stack
                0x0000000000000000        0x0 binaries/read.o
 .note.GNU-stack
                0x0000000000000000        0x0 binaries/ready.o
 .note.GNU-stack
                0x0000000000000000        0x0 binaries/receive.o
 .note.GNU-stack
                0x0000000000000000        0x0 binaries/recvclr.o
 .note.GNU-stack
                0x0000000000000000        0x0 binaries/recvtime.o
 .note.GNU-stack
                0x0000000000000000        0x0 binaries/resched.o
 .note.GNU-stack
                0x0000000000000000        0x0 binaries/resume.o
 .note.GNU-stack
                0x0000000000000000        0x0 binaries/seek.o
 .note.GNU-stack
                0x0000000000000000        0x0 binaries/semcount.o
 .note.GNU-stack
                0x0000000000000000        0x0 binaries/semcreate.o
 .note.GNU-stack
                0x0000000000000000        0x0 binaries/semdelete.o
 .note.GNU-stack
                0x0000000000000000        0x0 binaries/semreset.o
 .note.GNU-stack
                0x0000000000000000        0x0 binaries/send.o
 .note.GNU-stack
                0x0000000000000000        0x0 binaries/signal.o
 .note.GNU-stack
                0x0000000000000000        0x0 binaries/signaln.o
 .note.GNU-stack
                0x0000000000000000        0x0 binaries/sleep.o
 .note.GNU-stack
                0x0000000000000000        0x0 binaries/stacktrace.o
 .note.GNU-stack
                0x0000000000000000        0x0 binaries/suspend.o
 .note.GNU-stack
                0x0000000000000000        0x0 binaries/unsleep.o
 .note.GNU-stack
                0x0000000000000000        0x0 binaries/userret.o
 .note.GNU-stack
                0x0000000000000000        0x0 binaries/wait.o
 .note.GNU-stack
                0x0000000000000000        0x0 binaries/wakeup.o
 .note.GNU-stack
                0x0000000000000000        0x0 binaries/write.o
 .note.GNU-stack
                0x0000000000000000        0x0 binaries/xdone.o
 .note.GNU-stack
                0x0000000000000000        0x0 binaries/yield.o
 .note.GNU-stack
                0x0000000000000000        0x0 binaries/abs.o
 .note.GNU-stack
                0x0000000000000000        0x0 binaries/atoi.o
 .note.GNU-stack
                0x0000000000000000        0x0 binaries/atol.o
 .note.GNU-stack
                0x0000000000000000        0x0 binaries/bzero.o
 .note.GNU-stack
                0x0000000000000000        0x0 binaries/ctype_.o
 .note.GNU-stack
                0x0000000000000000        0x0 binaries/doprnt.o
 .note.GNU-stack
                0x0000000000000000        0x0 binaries/doscan.o
 .note.GNU-stack
                0x0000000000000000        0x0 binaries/fdoprnt.o
 .note.GNU-stack
                0x0000000000000000        0x0 binaries/fgetc.o
 .note.GNU-stack
                0x0000000000000000        0x0 binaries/fgets.o
 .note.GNU-stack
                0x0000000000000000        0x0 binaries/fprintf.o
 .note.GNU-stack
                0x0000000000000000        0x0 binaries/fputc.o
 .note.GNU-stack
                0x0000000000000000        0x0 binaries/fputs.o
 .note.GNU-stack
                0x0000000000000000        0x0 binaries/fscanf.o
 .note.GNU-stack
                0x0000000000000000        0x0 binaries/getchar.o
 .note.GNU-stack
                0x0000000000000000        0x0 binaries/labs.o
 .note.GNU-stack
                0x0000000000000000        0x0 binaries/memcmp.o
 .note.GNU-stack
                0x0000000000000000        0x0 binaries/memcpy.o
 .note.GNU-stack
                0x0000000000000000        0x0 binaries/memset.o
 .note.GNU-stack
                0x0000000000000000        0x0 binaries/printf.o
 .note.GNU-stack
                0x0000000000000000        0x0 binaries/putchar.o
 .note.GNU-stack
                0x0000000000000000        0x0 binaries/qsort.o
 .note.GNU-stack
                0x0000000000000000        0x0 binaries/rand.o
 .note.GNU-stack
                0x0000000000000000        0x0 binaries/sprintf.o
 .note.GNU-stack
                0x0000000000000000        0x0 binaries/sscanf.o
 .note.GNU-stack
                0x0000000000000000        0x0 binaries/strchr.o
 .note.GNU-stack
                0x0000000000000000        0x0 binaries/strcmp.o
 .note.GNU-stack
                0x0000000000000000        0x0 binaries/strcpy.o
 .note.GNU-stack
                0x0000000000000000        0x0 binaries/strlen.o
 .note.GNU-stack
                0x0000000000000000        0x0 binaries/strncat.o
 .note.GNU-stack
                0x0000000000000000        0x0 binaries/strncmp.o
 .note.GNU-stack
                0x0000000000000000        0x0 binaries/strncpy.o
 .note.GNU-stack
                0x0000000000000000        0x0 binaries/strnlen.o
 .note.GNU-stack
                0x0000000000000000        0x0 binaries/strrchr.o
 .note.GNU-stack
                0x0000000000000000        0x0 binaries/strstr.o
 .note.GNU-stack
                0x0000000000000000        0x0 binaries/ttycontrol.o
 .note.GNU-stack
                0x0000000000000000        0x0 binaries/ttygetc.o
 .note.GNU-stack
                0x0000000000000000        0x0 binaries/ttyhandle_in.o
 .note.GNU-stack
                0x0000000000000000        0x0 binaries/ttyhandle_out.o
 .note.GNU-stack
                0x0000000000000000        0x0 binaries/ttyhandler.o
 .note.GNU-stack
                0x0000000000000000        0x0 binaries/ttyinit.o
 .note.GNU-stack
                0x0000000000000000        0x0 binaries/ttykickout.o
 .note.GNU-stack
                0x0000000000000000        0x0 binaries/ttyputc.o
 .note.GNU-stack
                0x0000000000000000        0x0 binaries/ttyread.o
 .note.GNU-stack
                0x0000000000000000        0x0 binaries/ttywrite.o
 .note.GNU-stack
                0x0000000000000000        0x0 binaries/mount.o
 .note.GNU-stack
                0x0000000000000000        0x0 binaries/naminit.o
 .note.GNU-stack
                0x0000000000000000        0x0 binaries/nammap.o
 .note.GNU-stack
                0x0000000000000000        0x0 binaries/namopen.o
 .note.GNU-stack
                0x0000000000000000        0x0 binaries/82545EMInit.o
 .note.GNU-stack
                0x0000000000000000        0x0 binaries/ethcontrol.o
 .note.GNU-stack
                0x0000000000000000        0x0 binaries/ethhandler.o
 .note.GNU-stack
                0x0000000000000000        0x0 binaries/ethinit.o
 .note.GNU-stack
                0x0000000000000000        0x0 binaries/ethread.o
 .note.GNU-stack
                0x0000000000000000        0x0 binaries/ethwrite.o
 .note.GNU-stack
                0x0000000000000000        0x0 binaries/rdscomm.o
 .note.GNU-stack
                0x0000000000000000        0x0 binaries/rdscontrol.o
 .note.GNU-stack
                0x0000000000000000        0x0 binaries/rdsinit.o
 .note.GNU-stack
                0x0000000000000000        0x0 binaries/rdsopen.o
 .note.GNU-stack
                0x0000000000000000        0x0 binaries/rdsprocess.o
 .note.GNU-stack
                0x0000000000000000        0x0 binaries/rdsqfcns.o
 .note.GNU-stack
                0x0000000000000000        0x0 binaries/rdsread.o
 .note.GNU-stack
                0x0000000000000000        0x0 binaries/rdssetprio.o
 .note.GNU-stack
                0x0000000000000000        0x0 binaries/rdswrite.o
 .note.GNU-stack
                0x0000000000000000        0x0 binaries/ramclose.o
 .note.GNU-stack
                0x0000000000000000        0x0 binaries/raminit.o
 .note.GNU-stack
                0x0000000000000000        0x0 binaries/ramopen.o
 .note.GNU-stack
                0x0000000000000000        0x0 binaries/ramread.o
 .note.GNU-stack
                0x0000000000000000        0x0 binaries/ramwrite.o
 .note.GNU-stack
                0x0000000000000000        0x0 binaries/lfdballoc.o
 .note.GNU-stack
                0x0000000000000000        0x0 binaries/lfdbfree.o
 .note.GNU-stack
                0x0000000000000000        0x0 binaries/lfflush.o
 .note.GNU-stack
                0x0000000000000000        0x0 binaries/lfgetmode.o
 .note.GNU-stack
                0x0000000000000000        0x0 binaries/lfiballoc.o
 .note.GNU-stack
                0x0000000000000000        0x0 binaries/lfibclear.o
 .note.GNU-stack
                0x0000000000000000        0x0 binaries/lfibget.o
 .note.GNU-stack
                0x0000000000000000        0x0 binaries/lfibput.o
 .note.GNU-stack
                0x0000000000000000        0x0 binaries/lflclose.o
 .note.GNU-stack
                0x0000000000000000        0x0 binaries/lflcontrol.o
 .note.GNU-stack
                0x0000000000000000        0x0 binaries/lflgetc.o
 .note.GNU-stack
                0x0000000000000000        0x0 binaries/lflinit.o
 .note.GNU-stack
                0x0000000000000000        0x0 binaries/lflputc.o
 .note.GNU-stack
                0x0000000000000000        0x0 binaries/lflread.o
 .note.GNU-stack
                0x0000000000000000        0x0 binaries/lflseek.o
 .note.GNU-stack
                0x0000000000000000        0x0 binaries/lflwrite.o
 .note.GNU-stack
                0x0000000000000000        0x0 binaries/lfscheck.o
 .note.GNU-stack
                0x0000000000000000        0x0 binaries/lfsckfmt.o
 .note.GNU-stack
                0x0000000000000000        0x0 binaries/lfscreate.o
 .note.GNU-stack
                0x0000000000000000        0x0 binaries/lfsetup.o
 .note.GNU-stack
                0x0000000000000000        0x0 binaries/lfsinit.o
 .note.GNU-stack
                0x0000000000000000        0x0 binaries/lfsopen.o
 .note.GNU-stack
                0x0000000000000000        0x0 binaries/lftruncate.o
 .note.GNU-stack
                0x0000000000000000        0x0 binaries/rflclose.o
 .note.GNU-stack
                0x0000000000000000        0x0 binaries/rflgetc.o
 .note.GNU-stack
                0x0000000000000000        0x0 binaries/rflinit.o
 .note.GNU-stack
                0x0000000000000000        0x0 binaries/rflputc.o
 .note.GNU-stack
                0x0000000000000000        0x0 binaries/rflread.o
 .note.GNU-stack
                0x0000000000000000        0x0 binaries/rflseek.o
 .note.GNU-stack
                0x0000000000000000        0x0 binaries/rflwrite.o
 .note.GNU-stack
                0x0000000000000000        0x0 binaries/rfscomm.o
 .note.GNU-stack
                0x0000000000000000        0x0 binaries/rfscontrol.o
 .note.GNU-stack
                0x0000000000000000        0x0 binaries/rfsgetmode.o
 .note.GNU-stack
                0x0000000000000000        0x0 binaries/rfsinit.o
 .note.GNU-stack
                0x0000000000000000        0x0 binaries/rfsndmsg.o
 .note.GNU-stack
                0x0000000000000000        0x0 binaries/rfsopen.o
 .note.GNU-stack
                0x0000000000000000        0x0 binaries/arp.o
 .note.GNU-stack
                0x0000000000000000        0x0 binaries/dhcp.o
 .note.GNU-stack
                0x0000000000000000        0x0 binaries/dns.o
 .note.GNU-stack
                0x0000000000000000        0x0 binaries/dot2ip.o
 .note.GNU-stack
                0x0000000000000000        0x0 binaries/hexdump.o
 .note.GNU-stack
                0x0000000000000000        0x0 binaries/icmp.o
 .note.GNU-stack
                0x0000000000000000        0x0 binaries/ip.o
 .note.GNU-stack
                0x0000000000000000        0x0 binaries/net.o
 .note.GNU-stack
                0x0000000000000000        0x0 binaries/pdump.o
 .note.GNU-stack
                0x0000000000000000        0x0 binaries/tftp.o
 .note.GNU-stack
                0x0000000000000000        0x0 binaries/udp.o
 .note.GNU-stack
                0x0000000000000000        0x0 binaries/addargs.o
 .note.GNU-stack
                0x0000000000000000        0x0 binaries/lexan.o
 .note.GNU-stack
                0x0000000000000000        0x0 binaries/shell.o
 .note.GNU-stack
                0x0000000000000000        0x0 binaries/xsh_argecho.o
 .note.GNU-stack
                0x0000000000000000        0x0 binaries/xsh_arp.o
 .note.GNU-stack
                0x0000000000000000        0x0 binaries/xsh_cat.o
 .note.GNU-stack
                0x0000000000000000        0x0 binaries/xsh_clear.o
 .note.GNU-stack
                0x0000000000000000        0x0 binaries/xsh_date.o
 .note.GNU-stack
                0x0000000000000000        0x0 binaries/xsh_devdump.o
 .note.GNU-stack
                0x0000000000000000        0x0 binaries/xsh_echo.o
 .note.GNU-stack
                0x0000000000000000        0x0 binaries/xsh_exit.o
 .note.GNU-stack
                0x0000000000000000        0x0 binaries/xsh_help.o
 .note.GNU-stack
                0x0000000000000000        0x0 binaries/xsh_kill.o
 .note.GNU-stack
                0x0000000000000000        0x0 binaries/xsh_ls.o
 .note.GNU-stack
                0x0000000000000000        0x0 binaries/xsh_memdump.o
 .note.GNU-stack
                0x0000000000000000        0x0 binaries/xsh_memstat.o
 .note.GNU-stack
                0x0000000000000000        0x0 binaries/xsh_netinfo.o
 .note.GNU-stack
                0x0000000000000000        0x0 binaries/xsh_ns.o
 .note.GNU-stack
                0x0000000000000000        0x0 binaries/xsh_ping.o
 .note.GNU-stack
                0x0000000000000000        0x0 binaries/xsh_ps.o
 .note.GNU-stack
                0x0000000000000000        0x0 binaries/xsh_sleep.o
 .note.GNU-stack
                0x0000000000000000        0x0 binaries/xsh_udpdump.o
 .note.GNU-stack
                0x0000000000000000        0x0 binaries/xsh_udpecho.o
 .note.GNU-stack
                0x0000000000000000        0x0 binaries/xsh_udpserver.o
 .note.GNU-stack
                0x0000000000000000        0x0 binaries/xsh_uptime.o
