
Allocating common symbols
Common symbol       size              file

netbufpool          0x4               binaries/net.o
readylist           0x2               binaries/ready.o
rfltab              0x5a0             binaries/rflinit.o
netportseed         0x8               binaries/net.o
sleepq              0x2               binaries/clkinit.o
nnames              0x4               binaries/naminit.o
udptab              0x168             binaries/udp.o
minheap             0x4               binaries/meminit.o
marks               0x50              binaries/mark.o
currpid             0x4               binaries/initialize.o
Lf_data             0x20c             binaries/lfsinit.o
porttab             0x2d0             binaries/ptinit.o
girmask             0x2               binaries/evec.o
ttytab              0x110             binaries/ttyinit.o
proctab             0x1770            binaries/initialize.o
prcount             0x4               binaries/initialize.o
lfltab              0xf00             binaries/lflinit.o
rdstab              0x7c              binaries/rdsinit.o
ethertab            0x130             binaries/ethinit.o
NetData             0xb0              binaries/net.o
nmarks              0x4               binaries/mark.o
initsp              0x4               binaries/i386.o
Defer               0x8               binaries/resched.o
semtab              0x4b0             binaries/initialize.o
maxheap             0x4               binaries/meminit.o
preempt             0x4               binaries/clkinit.o
buftab              0xf0              binaries/bufinit.o
Rf_data             0x18              binaries/rfsinit.o
mkmutex             0x4               binaries/mark.o
clktime             0x4               binaries/clkinit.o
arpcache            0x140             binaries/arp.o
icmptab             0x230             binaries/icmp.o
nbpools             0x4               binaries/bufinit.o
queuetab            0x980             binaries/queue.o
ptnextid            0x4               binaries/ptinit.o
Ram                 0x19000           binaries/raminit.o
ipoqueue            0x2c              binaries/ip.o
memlist             0x8               binaries/initialize.o
nametab             0x5200            binaries/naminit.o
ptfree              0x4               binaries/ptinit.o

Memory Configuration

Name             Origin             Length             Attributes
*default*        0x0000000000000000 0xffffffffffffffff

Linker script and memory map

                0x0000000000100000                physbase = 0x100000
                0x0000000000100000                . = physbase
                0x0000000000100000                . = ALIGN (0x1000)

.text           0x0000000000100000    0x1c000
                0x0000000000100000                text = ABSOLUTE (.)
 *(.text .text.*)
 .text          0x0000000000100000      0x165 binaries/start.o
                0x0000000000100020                entry
                0x000000000010003d                start
                0x00000000001000a5                inb
                0x00000000001000ad                inw
                0x00000000001000b6                inl
                0x00000000001000be                outb
                0x00000000001000c8                outw
                0x00000000001000d3                outl
                0x00000000001000dd                _rtcin
                0x00000000001000e8                ___udivsi3
                0x00000000001000f3                ___divsi3
                0x00000000001000ff                sbzero
                0x000000000010010f                bcopy
                0x0000000000100123                insw
                0x0000000000100139                outsw
                0x000000000010014f                lidt
                0x0000000000100157                jumptocode
                0x000000000010015e                jumptobootcode
 .text          0x0000000000100165      0x405 binaries/ascdate.o
                0x0000000000100165                ascdate
 .text          0x000000000010056a       0x14 binaries/bufinit.o
                0x000000000010056a                bufinit
 .text          0x000000000010057e       0x89 binaries/chprio.o
                0x000000000010057e                chprio
 .text          0x0000000000100607       0x96 binaries/clkhandler.o
                0x0000000000100607                clkhandler
 .text          0x000000000010069d       0x89 binaries/clkinit.o
                0x000000000010069d                clkinit
 .text          0x0000000000100726       0x6a binaries/close.o
                0x0000000000100726                close
 .text          0x0000000000100790        0x0 binaries/conf.o
 .text          0x0000000000100790       0x7f binaries/control.o
                0x0000000000100790                control
 .text          0x000000000010080f      0x249 binaries/create.o
                0x000000000010080f                create
 .text          0x0000000000100a58      0x363 binaries/evec.o
                0x0000000000100a58                initevec
                0x0000000000100aae                set_evec
                0x0000000000100b50                trap
 .text          0x0000000000100dbb       0x15 binaries/exit.o
                0x0000000000100dbb                exit
 .text          0x0000000000100dd0      0x2f0 binaries/fork.o
                0x0000000000100dd0                fork
 .text          0x00000000001010c0       0x82 binaries/freebuf.o
                0x00000000001010c0                freebuf
 .text          0x0000000000101142      0x167 binaries/freemem.o
                0x0000000000101142                freemem
 .text          0x00000000001012a9       0x80 binaries/getbuf.o
                0x00000000001012a9                getbuf
 .text          0x0000000000101329       0x6a binaries/getc.o
                0x0000000000101329                getc
 .text          0x0000000000101393       0x72 binaries/getdev.o
                0x0000000000101393                getdev
 .text          0x0000000000101405       0xc8 binaries/getitem.o
                0x0000000000101405                getfirst
                0x0000000000101446                getlast
                0x0000000000101489                getitem
 .text          0x00000000001014cd       0xfb binaries/getmem.o
                0x00000000001014cd                getmem
 .text          0x00000000001015c8        0xa binaries/getpid.o
                0x00000000001015c8                getpid
 .text          0x00000000001015d2       0x71 binaries/getprio.o
                0x00000000001015d2                getprio
 .text          0x0000000000101643       0xf2 binaries/getstk.o
                0x0000000000101643                getstk
 .text          0x0000000000101735       0x16 binaries/getticks.o
                0x0000000000101735                getticks
 .text          0x000000000010174b       0x36 binaries/gettime.o
                0x000000000010174b                gettime
 .text          0x0000000000101781      0x1f5 binaries/getutime.o
                0x0000000000101781                getutime
 .text          0x0000000000101976      0x409 binaries/i386.o
                0x0000000000101976                setsegs
                0x0000000000101a8d                init8259
                0x0000000000101b62                pseg
                0x0000000000101d25                setirmask
 .text          0x0000000000101d7f       0x6a binaries/init.o
                0x0000000000101d7f                init
 .text          0x0000000000101de9      0x3eb binaries/initialize.o
                0x0000000000101de9                nulluser
                0x000000000010217f                stop
                0x00000000001021a6                delay
 .text          0x00000000001021d4       0xdb binaries/insert.o
                0x00000000001021d4                insert
 .text          0x00000000001022af      0x10d binaries/insertd.o
                0x00000000001022af                insertd
 .text          0x00000000001023bc        0xa binaries/ioerr.o
                0x00000000001023bc                ioerr
 .text          0x00000000001023c6        0xa binaries/ionull.o
                0x00000000001023c6                ionull
 .text          0x00000000001023d0      0x1d5 binaries/kill.o
                0x00000000001023d0                kill
 .text          0x00000000001025a5      0x17b binaries/kprintf.o
                0x00000000001025a5                kputc
                0x000000000010264e                kgetc
                0x00000000001026f3                kprintf
 .text          0x0000000000102720      0x423 binaries/main.o
                0x0000000000102720                sum
                0x000000000010272d                sync_printf
                0x00000000001027da                test1
                0x0000000000102879                test2
                0x000000000010290e                test3
                0x00000000001029f8                main
 .text          0x0000000000102b43       0xac binaries/mark.o
                0x0000000000102b43                markinit
                0x0000000000102b66                mark
 .text          0x0000000000102bef       0xca binaries/meminit.o
                0x0000000000102bef                meminit
 .text          0x0000000000102cb9      0x15f binaries/mkbufpool.o
                0x0000000000102cb9                mkbufpool
 .text          0x0000000000102e18       0x6e binaries/newpid.o
                0x0000000000102e18                newpid
 .text          0x0000000000102e86       0x94 binaries/newqueue.o
                0x0000000000102e86                newqueue
 .text          0x0000000000102f1a       0x78 binaries/open.o
                0x0000000000102f1a                open
 .text          0x0000000000102f92       0x20 binaries/panic.o
                0x0000000000102f92                panic
 .text          0x0000000000102fb2      0x562 binaries/pci.o
                0x0000000000102fb2                pci_init
                0x00000000001032ba                find_pci_device
                0x0000000000103396                pci_bios_read_config_byte
                0x00000000001033d5                pci_bios_read_config_word
                0x0000000000103417                pci_bios_read_config_dword
                0x0000000000103456                pci_bios_write_config_byte
                0x0000000000103497                pci_bios_write_config_word
                0x00000000001034d9                pci_bios_write_config_dword
 .text          0x0000000000103514       0xe6 binaries/ptclear.o
                0x0000000000103514                _ptclear
 .text          0x00000000001035fa       0x8f binaries/ptcount.o
                0x00000000001035fa                ptcount
 .text          0x0000000000103689      0x105 binaries/ptcreate.o
                0x0000000000103689                ptcreate
 .text          0x000000000010378e       0x80 binaries/ptdelete.o
                0x000000000010378e                ptdelete
 .text          0x000000000010380e       0xb7 binaries/ptinit.o
                0x000000000010380e                ptinit
 .text          0x00000000001038c5      0x10a binaries/ptrecv.o
                0x00000000001038c5                ptrecv
 .text          0x00000000001039cf       0x78 binaries/ptreset.o
                0x00000000001039cf                ptreset
 .text          0x0000000000103a47      0x128 binaries/ptsend.o
                0x0000000000103a47                ptsend
 .text          0x0000000000103b6f       0x78 binaries/putc.o
                0x0000000000103b6f                putc
 .text          0x0000000000103be7      0x10a binaries/queue.o
                0x0000000000103be7                enqueue
                0x0000000000103c88                dequeue
 .text          0x0000000000103cf1       0x78 binaries/read.o
                0x0000000000103cf1                read
 .text          0x0000000000103d69       0x7d binaries/ready.o
                0x0000000000103d69                ready
 .text          0x0000000000103de6       0x5d binaries/receive.o
                0x0000000000103de6                receive
 .text          0x0000000000103e43       0x59 binaries/recvclr.o
                0x0000000000103e43                recvclr
 .text          0x0000000000103e9c       0xb8 binaries/recvtime.o
                0x0000000000103e9c                recvtime
 .text          0x0000000000103f54      0x165 binaries/resched.o
                0x0000000000103f54                resched
                0x0000000000104044                resched_cntl
 .text          0x00000000001040b9       0xa0 binaries/resume.o
                0x00000000001040b9                resume
 .text          0x0000000000104159       0x71 binaries/seek.o
                0x0000000000104159                seek
 .text          0x00000000001041ca       0x69 binaries/semcount.o
                0x00000000001041ca                semcount
 .text          0x0000000000104233       0xcf binaries/semcreate.o
                0x0000000000104233                semcreate
 .text          0x0000000000104302       0xba binaries/semdelete.o
                0x0000000000104302                semdelete
 .text          0x00000000001043bc       0xbc binaries/semreset.o
                0x00000000001043bc                semreset
 .text          0x0000000000104478       0xd6 binaries/send.o
                0x0000000000104478                send
 .text          0x000000000010454e       0x97 binaries/signal.o
                0x000000000010454e                signal
 .text          0x00000000001045e5       0xc3 binaries/signaln.o
                0x00000000001045e5                signaln
 .text          0x00000000001046a8       0xe3 binaries/sleep.o
                0x00000000001046a8                sleep
                0x00000000001046f2                sleepms
 .text          0x000000000010478b      0x1ad binaries/stacktrace.o
                0x000000000010478b                stacktrace
 .text          0x0000000000104938       0xd6 binaries/suspend.o
                0x0000000000104938                suspend
 .text          0x0000000000104a0e       0xd8 binaries/unsleep.o
                0x0000000000104a0e                unsleep
 .text          0x0000000000104ae6       0x15 binaries/userret.o
                0x0000000000104ae6                userret
 .text          0x0000000000104afb       0xd1 binaries/wait.o
                0x0000000000104afb                wait
 .text          0x0000000000104bcc       0x68 binaries/wakeup.o
                0x0000000000104bcc                wakeup
 .text          0x0000000000104c34       0x78 binaries/write.o
                0x0000000000104c34                write
 .text          0x0000000000104cac       0x19 binaries/xdone.o
                0x0000000000104cac                xdone
 .text          0x0000000000104cc5       0x25 binaries/yield.o
                0x0000000000104cc5                yield
 .text          0x0000000000104cea       0x11 binaries/abs.o
                0x0000000000104cea                abs
 .text          0x0000000000104cfb       0x8f binaries/atoi.o
                0x0000000000104cfb                atoi
 .text          0x0000000000104d8a       0x8f binaries/atol.o
                0x0000000000104d8a                atol
 .text          0x0000000000104e19       0x31 binaries/bzero.o
                0x0000000000104e19                bzero
 .text          0x0000000000104e4a        0x0 binaries/ctype_.o
 .text          0x0000000000104e4a      0x8f8 binaries/doprnt.o
                0x0000000000104e4a                _doprnt
 .text          0x0000000000105742      0x6a2 binaries/doscan.o
                0x0000000000105742                _doscan
 .text          0x0000000000105de4      0x723 binaries/fdoprnt.o
                0x0000000000105de4                _fdoprnt
 .text          0x0000000000106507       0x26 binaries/fgetc.o
                0x0000000000106507                fgetc
 .text          0x000000000010652d       0x72 binaries/fgets.o
                0x000000000010652d                fgets
 .text          0x000000000010659f       0x34 binaries/fprintf.o
                0x000000000010659f                fprintf
 .text          0x00000000001065d3       0x2c binaries/fputc.o
                0x00000000001065d3                fputc
 .text          0x00000000001065ff       0x43 binaries/fputs.o
                0x00000000001065ff                fputs
 .text          0x0000000000106642       0x92 binaries/fscanf.o
                0x0000000000106642                fscanf
 .text          0x00000000001066d4       0x2a binaries/getchar.o
                0x00000000001066d4                getchar
 .text          0x00000000001066fe       0x11 binaries/labs.o
                0x00000000001066fe                labs
 .text          0x000000000010670f       0x51 binaries/memcmp.o
                0x000000000010670f                memcmp
 .text          0x0000000000106760       0x3f binaries/memcpy.o
                0x0000000000106760                memcpy
 .text          0x000000000010679f       0x30 binaries/memset.o
                0x000000000010679f                memset
 .text          0x00000000001067cf       0x4d binaries/printf.o
                0x00000000001067cf                printf
 .text          0x000000000010681c       0x31 binaries/putchar.o
                0x000000000010681c                putchar
 .text          0x000000000010684d      0x28c binaries/qsort.o
                0x000000000010684d                qsort
 .text          0x0000000000106ad9       0x5f binaries/rand.o
                0x0000000000106ad9                rand
                0x0000000000106aed                rand_r
                0x0000000000106b2b                srand
 .text          0x0000000000106b38       0x6f binaries/sprintf.o
                0x0000000000106b38                sprintf
 .text          0x0000000000106ba7       0x7f binaries/sscanf.o
                0x0000000000106ba7                sscanf
 .text          0x0000000000106c26       0x3c binaries/strchr.o
                0x0000000000106c26                strchr
 .text          0x0000000000106c62       0x45 binaries/strcmp.o
                0x0000000000106c62                strcmp
 .text          0x0000000000106ca7       0x27 binaries/strcpy.o
                0x0000000000106ca7                strcpy
 .text          0x0000000000106cce       0x26 binaries/strlen.o
                0x0000000000106cce                strlen
 .text          0x0000000000106cf4       0x56 binaries/strncat.o
                0x0000000000106cf4                strncat
 .text          0x0000000000106d4a       0x5e binaries/strncmp.o
                0x0000000000106d4a                strncmp
 .text          0x0000000000106da8       0x4f binaries/strncpy.o
                0x0000000000106da8                strncpy
 .text          0x0000000000106df7       0x2e binaries/strnlen.o
                0x0000000000106df7                strnlen
 .text          0x0000000000106e25       0x45 binaries/strrchr.o
                0x0000000000106e25                strrchr
 .text          0x0000000000106e6a       0x6d binaries/strstr.o
                0x0000000000106e6a                strstr
 .text          0x0000000000106ed7       0xd8 binaries/ttycontrol.o
                0x0000000000106ed7                ttycontrol
 .text          0x0000000000106faf       0x93 binaries/ttygetc.o
                0x0000000000106faf                ttygetc
 .text          0x0000000000107042      0x756 binaries/ttyhandle_in.o
                0x0000000000107042                ttyhandle_in
 .text          0x0000000000107798      0x19f binaries/ttyhandle_out.o
                0x0000000000107798                ttyhandle_out
 .text          0x0000000000107937       0xc6 binaries/ttyhandler.o
                0x0000000000107937                ttyhandler
 .text          0x00000000001079fd      0x22b binaries/ttyinit.o
                0x00000000001079fd                ttyinit
 .text          0x0000000000107c28       0x1d binaries/ttykickout.o
                0x0000000000107c28                ttykickout
 .text          0x0000000000107c45       0xb2 binaries/ttyputc.o
                0x0000000000107c45                ttyputc
 .text          0x0000000000107cf7      0x10f binaries/ttyread.o
                0x0000000000107cf7                ttyread
 .text          0x0000000000107e06       0x4f binaries/ttywrite.o
                0x0000000000107e06                ttywrite
 .text          0x0000000000107e55      0x16a binaries/mount.o
                0x0000000000107e55                mount
                0x0000000000107f89                namlen
 .text          0x0000000000107fbf      0x229 binaries/naminit.o
                0x0000000000107fbf                naminit
 .text          0x00000000001081e8      0x216 binaries/nammap.o
                0x00000000001081e8                nammap
                0x0000000000108279                namrepl
                0x00000000001083ae                namcpy
 .text          0x00000000001083fe       0x55 binaries/namopen.o
                0x00000000001083fe                namopen
 .text          0x0000000000108453      0xfa3 binaries/82545EMInit.o
                0x00000000001084aa                _82545EMInit
                0x0000000000109250                _82545EM_read_phy_reg
                0x000000000010931f                _82545EM_write_phy_reg
 .text          0x00000000001093f6      0x24c binaries/ethcontrol.o
                0x000000000010944d                ethcontrol
                0x00000000001095ca                ethIrqDisable
                0x0000000000109606                ethIrqEnable
 .text          0x0000000000109642      0x241 binaries/ethhandler.o
                0x00000000001097b3                ethhandler
 .text          0x0000000000109883      0x122 binaries/ethinit.o
                0x0000000000109883                ethinit
 .text          0x00000000001099a5      0x1f0 binaries/ethread.o
                0x00000000001099fc                ethread
 .text          0x0000000000109b95      0x19a binaries/ethwrite.o
                0x0000000000109bec                ethwrite
 .text          0x0000000000109d2f      0x2c1 binaries/rdscomm.o
                0x0000000000109d2f                rdscomm
 .text          0x0000000000109ff0      0x21b binaries/rdscontrol.o
                0x0000000000109ff0                rdscontrol
 .text          0x000000000010a20b       0x4e binaries/rdsinit.o
                0x000000000010a20b                rdsinit
 .text          0x000000000010a259      0x385 binaries/rdsopen.o
                0x000000000010a259                rdsopen
 .text          0x000000000010a5de      0x40d binaries/rdsprocess.o
                0x000000000010a5de                rdsprocess
 .text          0x000000000010a9eb      0x5b2 binaries/rdsqfcns.o
                0x000000000010a9eb                rdqunlink
                0x000000000010aa8d                rdqinsert
                0x000000000010aae2                rdcunlink
                0x000000000010ab8c                rdcinsert
                0x000000000010ac6d                edqdump
                0x000000000010ae29                edcdump
 .text          0x000000000010af9d      0x1d7 binaries/rdsread.o
                0x000000000010af9d                rdsread
 .text          0x000000000010b174       0x58 binaries/rdssetprio.o
                0x000000000010b174                rdssetprio
 .text          0x000000000010b1cc      0x117 binaries/rdswrite.o
                0x000000000010b1cc                rdswrite
 .text          0x000000000010b2e3        0xa binaries/ramclose.o
                0x000000000010b2e3                ramclose
 .text          0x000000000010b2ed       0x45 binaries/raminit.o
                0x000000000010b2ed                raminit
 .text          0x000000000010b332        0xa binaries/ramopen.o
                0x000000000010b332                ramopen
 .text          0x000000000010b33c       0x35 binaries/ramread.o
                0x000000000010b33c                ramread
 .text          0x000000000010b371       0x36 binaries/ramwrite.o
                0x000000000010b371                ramwrite
 .text          0x000000000010b3a7       0x9e binaries/lfdballoc.o
                0x000000000010b3a7                lfdballoc
 .text          0x000000000010b445       0x62 binaries/lfdbfree.o
                0x000000000010b445                lfdbfree
 .text          0x000000000010b4a7       0xbf binaries/lfflush.o
                0x000000000010b4a7                lfflush
 .text          0x000000000010b566       0xd8 binaries/lfgetmode.o
                0x000000000010b566                lfgetmode
 .text          0x000000000010b63e       0x6c binaries/lfiballoc.o
                0x000000000010b63e                lfiballoc
 .text          0x000000000010b6aa       0x3b binaries/lfibclear.o
                0x000000000010b6aa                lfibclear
 .text          0x000000000010b6e5       0xae binaries/lfibget.o
                0x000000000010b6e5                lfibget
 .text          0x000000000010b793       0xe0 binaries/lfibput.o
                0x000000000010b793                lfibput
 .text          0x000000000010b873       0x93 binaries/lflclose.o
                0x000000000010b873                lflclose
 .text          0x000000000010b906       0xb5 binaries/lflcontrol.o
                0x000000000010b906                lflcontrol
 .text          0x000000000010b9bb       0xdf binaries/lflgetc.o
                0x000000000010b9bb                lflgetc
 .text          0x000000000010ba9a       0xfb binaries/lflinit.o
                0x000000000010ba9a                lflinit
 .text          0x000000000010bb95      0x10f binaries/lflputc.o
                0x000000000010bb95                lflputc
 .text          0x000000000010bca4       0x6d binaries/lflread.o
                0x000000000010bca4                lflread
 .text          0x000000000010bd11       0x9c binaries/lflseek.o
                0x000000000010bd11                lflseek
 .text          0x000000000010bdad       0x55 binaries/lflwrite.o
                0x000000000010bdad                lflwrite
 .text          0x000000000010be02       0x62 binaries/lfscheck.o
                0x000000000010be02                lfscheck
 .text          0x000000000010be64      0x176 binaries/lfsckfmt.o
                0x000000000010be64                lfsckfmt
 .text          0x000000000010bfda      0x221 binaries/lfscreate.o
                0x000000000010bfda                lfscreate
 .text          0x000000000010c1fb      0x282 binaries/lfsetup.o
                0x000000000010c1fb                lfsetup
 .text          0x000000000010c47d       0x55 binaries/lfsinit.o
                0x000000000010c47d                lfsinit
 .text          0x000000000010c4d2      0x3cb binaries/lfsopen.o
                0x000000000010c4d2                lfsopen
 .text          0x000000000010c89d      0x161 binaries/lftruncate.o
                0x000000000010c89d                lftruncate
 .text          0x000000000010c9fe      0x1a5 binaries/rflclose.o
                0x000000000010c9fe                rflclose
 .text          0x000000000010cba3       0x5d binaries/rflgetc.o
                0x000000000010cba3                rflgetc
 .text          0x000000000010cc00       0x76 binaries/rflinit.o
                0x000000000010cc00                rflinit
 .text          0x000000000010cc76       0x39 binaries/rflputc.o
                0x000000000010cc76                rflputc
 .text          0x000000000010ccaf      0x386 binaries/rflread.o
                0x000000000010ccaf                rflread
 .text          0x000000000010d035       0x68 binaries/rflseek.o
                0x000000000010d035                rflseek
 .text          0x000000000010d09d      0x336 binaries/rflwrite.o
                0x000000000010d09d                rflwrite
 .text          0x000000000010d3d3      0x22f binaries/rfscomm.o
                0x000000000010d3d3                rfscomm
 .text          0x000000000010d602      0x258 binaries/rfscontrol.o
                0x000000000010d602                rfscontrol
 .text          0x000000000010d85a       0xd8 binaries/rfsgetmode.o
                0x000000000010d85a                rfsgetmode
 .text          0x000000000010d932       0x61 binaries/rfsinit.o
                0x000000000010d932                rfsinit
 .text          0x000000000010d993      0x128 binaries/rfsndmsg.o
                0x000000000010d993                rfsndmsg
 .text          0x000000000010dabb      0x28d binaries/rfsopen.o
                0x000000000010dabb                rfsopen
 .text          0x000000000010dd48      0x855 binaries/arp.o
                0x000000000010dd48                arp_init
                0x000000000010dd7a                arp_resolve
                0x000000000010e047                arp_in
                0x000000000010e2f9                arp_alloc
                0x000000000010e3c5                arp_ntoh
                0x000000000010e4b1                arp_hton
 .text          0x000000000010e59d      0x947 binaries/dhcp.o
                0x000000000010e59d                dhcp_get_opt_val
                0x000000000010e5f6                dhcp_bld_bootp_msg
                0x000000000010e720                dhcp_bld_disc
                0x000000000010e806                dhcp_bld_req
                0x000000000010e983                getlocalip
 .text          0x000000000010eee4      0x6e3 binaries/dns.o
                0x000000000010eee4                dnslookup
 .text          0x000000000010f5c7       0xe0 binaries/dot2ip.o
                0x000000000010f5c7                dot2ip
 .text          0x000000000010f6a7      0x468 binaries/hexdump.o
                0x000000000010f6a7                hexdump
                0x000000000010f82a                hexadump
 .text          0x000000000010fb0f      0x8c4 binaries/icmp.o
                0x000000000010fb0f                icmp_init
                0x000000000010fb45                icmp_in
                0x000000000010fd4d                icmp_register
                0x000000000010fe3f                icmp_recv
                0x000000000010ffb8                icmp_send
                0x000000000011004d                icmp_mkpkt
                0x0000000000110168                icmp_release
                0x0000000000110258                icmp_cksum
                0x00000000001102eb                icmp_hton
                0x000000000011035f                icmp_ntoh
 .text          0x00000000001103d3      0x81d binaries/ip.o
                0x00000000001103d3                ip_in
                0x000000000011051f                ip_send
                0x0000000000110661                ip_local
                0x00000000001106a4                ip_out
                0x00000000001107d1                ipcksum
                0x0000000000110857                ip_ntoh
                0x0000000000110943                ip_hton
                0x0000000000110a2f                ipout
                0x0000000000110b51                ip_enqueue
 .text          0x0000000000110bf0      0x2ed binaries/net.o
                0x0000000000110bf0                net_init
                0x0000000000110d48                netin
                0x0000000000110df4                eth_hton
                0x0000000000110e1e                eth_ntoh
                0x0000000000110e48                getport
 .text          0x0000000000110edd     0x1539 binaries/pdump.o
                0x0000000000110edd                pdump
                0x0000000000111cf9                pdumph
 .text          0x0000000000112416      0x64a binaries/tftp.o
                0x0000000000112416                tftp_send1
                0x00000000001125a6                tftpget
                0x00000000001125e8                tftpget_mb
 .text          0x0000000000112a60      0xb08 binaries/udp.o
                0x0000000000112a60                udp_init
                0x0000000000112a94                udp_in
                0x0000000000112bcf                udp_register
                0x0000000000112d03                udp_recv
                0x0000000000112e89                udp_recvaddr
                0x0000000000113027                udp_send
                0x00000000001131f6                udp_sendto
                0x0000000000113391                udp_release
                0x000000000011347e                udp_ntoh
                0x00000000001134f3                udp_hton
 .text          0x0000000000113568      0x135 binaries/addargs.o
                0x0000000000113568                addargs
 .text          0x000000000011369d      0x2c9 binaries/lexan.o
                0x000000000011369d                lexan
 .text          0x0000000000113966      0x6e9 binaries/shell.o
                0x0000000000113966                shell
 .text          0x000000000011404f       0x68 binaries/xsh_argecho.o
                0x000000000011404f                xsh_argecho
 .text          0x00000000001140b7      0x23a binaries/xsh_arp.o
                0x00000000001140b7                xsh_arp
 .text          0x00000000001142f1      0x245 binaries/xsh_cat.o
                0x00000000001142f1                xsh_cat
 .text          0x0000000000114536       0x59 binaries/xsh_clear.o
                0x0000000000114536                xsh_clear
 .text          0x000000000011458f      0x2e0 binaries/xsh_date.o
                0x000000000011458f                xsh_date
 .text          0x000000000011486f       0xab binaries/xsh_devdump.o
                0x000000000011486f                xsh_devdump
 .text          0x000000000011491a       0x6c binaries/xsh_echo.o
                0x000000000011491a                xsh_echo
 .text          0x0000000000114986        0xa binaries/xsh_exit.o
                0x0000000000114986                xsh_exit
 .text          0x0000000000114990      0x368 binaries/xsh_help.o
                0x0000000000114990                xsh_help
 .text          0x0000000000114cf8      0x232 binaries/xsh_kill.o
                0x0000000000114cf8                xsh_kill
 .text          0x0000000000114f2a      0x531 binaries/xsh_ls.o
                0x0000000000114f2a                xsh_ls
 .text          0x000000000011545b      0x50a binaries/xsh_memdump.o
                0x000000000011545b                xsh_memdump
 .text          0x0000000000115965      0x293 binaries/xsh_memstat.o
                0x0000000000115965                xsh_memstat
 .text          0x0000000000115bf8      0x5ae binaries/xsh_netinfo.o
                0x0000000000115bf8                xsh_netinfo
 .text          0x00000000001161a6      0x5e8 binaries/xsh_ns.o
                0x00000000001161a6                xsh_ns
 .text          0x000000000011678e      0x3c7 binaries/xsh_ping.o
                0x000000000011678e                xsh_ping
 .text          0x0000000000116b55      0x25a binaries/xsh_ps.o
                0x0000000000116b55                xsh_ps
 .text          0x0000000000116daf      0x20f binaries/xsh_sleep.o
                0x0000000000116daf                xsh_sleep
 .text          0x0000000000116fbe      0x2b2 binaries/xsh_udpdump.o
                0x0000000000116fbe                xsh_udpdump
 .text          0x0000000000117270      0x578 binaries/xsh_udpecho.o
                0x0000000000117270                xsh_udpecho
 .text          0x00000000001177e8      0x2c6 binaries/xsh_udpserver.o
                0x00000000001177e8                xsh_udpeserver
 .text          0x0000000000117aae      0x1dd binaries/xsh_uptime.o
                0x0000000000117aae                xsh_uptime
 .text          0x0000000000117c8b        0xe binaries/clkdisp.o
                0x0000000000117c8b                clkdisp
 .text          0x0000000000117c99       0x19 binaries/ctxsw.o
                0x0000000000117c99                ctxsw
 .text          0x0000000000117cb2      0x368 binaries/intr.o
                0x0000000000117cb2                disable
                0x0000000000117cbb                restore
                0x0000000000117cc9                enable
                0x0000000000117ccb                pause
                0x0000000000117cd2                halt
                0x0000000000117cd5                spurious_irq7
                0x0000000000117cda                spurious_irq15
                0x0000000000117ce9                _Xint0
                0x0000000000117cf4                _Xint1
                0x0000000000117cff                _Xint2
                0x0000000000117d0a                _Xint3
                0x0000000000117d15                _Xint4
                0x0000000000117d20                _Xint5
                0x0000000000117d2b                _Xint6
                0x0000000000117d36                _Xint7
                0x0000000000117d41                _Xint8
                0x0000000000117d4c                _Xint9
                0x0000000000117d57                _Xint10
                0x0000000000117d62                _Xint11
                0x0000000000117d70                _Xint12
                0x0000000000117d7e                _Xint13
                0x0000000000117d8c                _Xint14
                0x0000000000117d9a                _Xint15
                0x0000000000117da8                _Xint16
                0x0000000000117db6                _Xint17
                0x0000000000117dc4                _Xint18
                0x0000000000117dd2                _Xint19
                0x0000000000117de0                _Xint20
                0x0000000000117dee                _Xint21
                0x0000000000117dfc                _Xint22
                0x0000000000117e0a                _Xint23
                0x0000000000117e18                _Xint24
                0x0000000000117e26                _Xint25
                0x0000000000117e34                _Xint26
                0x0000000000117e42                _Xint27
                0x0000000000117e50                _Xint28
                0x0000000000117e5e                _Xint29
                0x0000000000117e6c                _Xint30
                0x0000000000117e7a                _Xint31
                0x0000000000117e88                _Xint32
                0x0000000000117e96                _Xint33
                0x0000000000117ea4                _Xint34
                0x0000000000117eb2                _Xint35
                0x0000000000117ec0                _Xint36
                0x0000000000117ece                _Xint37
                0x0000000000117edc                _Xint38
                0x0000000000117eea                _Xint39
                0x0000000000117ef8                _Xint40
                0x0000000000117f06                _Xint41
                0x0000000000117f14                _Xint42
                0x0000000000117f22                _Xint43
                0x0000000000117f30                _Xint44
                0x0000000000117f3e                _Xint45
                0x0000000000117f4c                _Xint46
                0x0000000000117f5a                defevec
 .text          0x000000000011801a        0xf binaries/ttydispatch.o
                0x000000000011801a                ttydispatch
 .text          0x0000000000118029       0x13 binaries/ethdispatch.o
                0x0000000000118029                ethdispatch
 *(.rodata .rodata.*)
 .rodata        0x000000000011803c       0x8e binaries/ascdate.o
 .rodata        0x00000000001180ca       0xae binaries/conf.o
 .rodata        0x0000000000118178      0x22f binaries/evec.o
 .rodata        0x00000000001183a7       0x31 binaries/fork.o
 .rodata        0x00000000001183d8       0x61 binaries/getutime.o
 *fill*         0x0000000000118439        0x3 
 .rodata        0x000000000011843c       0x90 binaries/i386.o
 .rodata        0x00000000001184cc      0x186 binaries/initialize.o
 *fill*         0x0000000000118652        0x2 
 .rodata        0x0000000000118654       0x20 binaries/kill.o
 .rodata        0x0000000000118674      0x12a binaries/main.o
 .rodata        0x000000000011879e        0xf binaries/panic.o
 *fill*         0x00000000001187ad        0x3 
 .rodata        0x00000000001187b0      0x2aa binaries/pci.o
 .rodata        0x0000000000118a5a       0x1d binaries/ptinit.o
 *fill*         0x0000000000118a77        0x1 
 .rodata        0x0000000000118a78       0x25 binaries/ptsend.o
 *fill*         0x0000000000118a9d        0x3 
 .rodata        0x0000000000118aa0       0xb7 binaries/stacktrace.o
 *fill*         0x0000000000118b57        0x1 
 .rodata        0x0000000000118b58       0x27 binaries/xdone.o
 *fill*         0x0000000000118b7f        0x1 
 .rodata        0x0000000000118b80       0x81 binaries/ctype_.o
                0x0000000000118b80                _ctype_
 *fill*         0x0000000000118c01        0x3 
 .rodata        0x0000000000118c04       0xee binaries/doprnt.o
 *fill*         0x0000000000118cf2        0x2 
 .rodata        0x0000000000118cf4       0x98 binaries/doscan.o
 .rodata        0x0000000000118d8c       0xae binaries/fdoprnt.o
 *fill*         0x0000000000118e3a        0x2 
 .rodata        0x0000000000118e3c       0x20 binaries/ttycontrol.o
 .rodata        0x0000000000118e5c       0x34 binaries/ttyhandler.o
 .rodata        0x0000000000118e90       0x14 binaries/mount.o
 .rodata        0x0000000000118ea4       0x82 binaries/naminit.o
 *fill*         0x0000000000118f26        0x2 
 .rodata        0x0000000000118f28       0x2e binaries/82545EMInit.o
 *fill*         0x0000000000118f56        0x2 
 .rodata        0x0000000000118f58       0x78 binaries/ethinit.o
 .rodata        0x0000000000118fd0       0x18 binaries/ethread.o
 .rodata        0x0000000000118fe8       0x76 binaries/rdscomm.o
 *fill*         0x000000000011905e        0x2 
 .rodata        0x0000000000119060       0x21 binaries/rdscontrol.o
 *fill*         0x0000000000119081        0x3 
 .rodata        0x0000000000119084       0xae binaries/rdsopen.o
 *fill*         0x0000000000119132        0x2 
 .rodata        0x0000000000119134       0x3e binaries/rdsprocess.o
 *fill*         0x0000000000119172        0x2 
 .rodata        0x0000000000119174       0xe2 binaries/rdsqfcns.o
 .rodata        0x0000000000119256        0x9 binaries/raminit.o
 *fill*         0x000000000011925f        0x1 
 .rodata        0x0000000000119260       0x36 binaries/lfdballoc.o
 .rodata        0x0000000000119296       0x14 binaries/lfiballoc.o
 *fill*         0x00000000001192aa        0x2 
 .rodata        0x00000000001192ac       0x22 binaries/lflcontrol.o
 *fill*         0x00000000001192ce        0x2 
 .rodata        0x00000000001192d0      0x118 binaries/lfsckfmt.o
 .rodata        0x00000000001193e8       0x66 binaries/lfsopen.o
 *fill*         0x000000000011944e        0x2 
 .rodata        0x0000000000119450       0x21 binaries/rflclose.o
 *fill*         0x0000000000119471        0x3 
 .rodata        0x0000000000119474       0x21 binaries/rflread.o
 *fill*         0x0000000000119495        0x3 
 .rodata        0x0000000000119498       0x21 binaries/rflwrite.o
 *fill*         0x00000000001194b9        0x3 
 .rodata        0x00000000001194bc       0xa1 binaries/rfscomm.o
 *fill*         0x000000000011955d        0x3 
 .rodata        0x0000000000119560       0x3c binaries/rfscontrol.o
 .rodata        0x000000000011959c       0x2b binaries/rfsinit.o
 *fill*         0x00000000001195c7        0x1 
 .rodata        0x00000000001195c8       0x2a binaries/rfsndmsg.o
 *fill*         0x00000000001195f2        0x2 
 .rodata        0x00000000001195f4       0x21 binaries/rfsopen.o
 *fill*         0x0000000000119615        0x3 
 .rodata        0x0000000000119618       0x3a binaries/arp.o
 *fill*         0x0000000000119652        0x2 
 .rodata        0x0000000000119654       0xcf binaries/dhcp.o
 .rodata        0x0000000000119723       0x24 binaries/dns.o
 *fill*         0x0000000000119747        0x1 
 .rodata        0x0000000000119748       0xc9 binaries/hexdump.o
 *fill*         0x0000000000119811        0x3 
 .rodata        0x0000000000119814       0x29 binaries/icmp.o
 *fill*         0x000000000011983d        0x3 
 .rodata        0x0000000000119840       0x52 binaries/ip.o
 *fill*         0x0000000000119892        0x2 
 .rodata        0x0000000000119894       0x4f binaries/net.o
 *fill*         0x00000000001198e3        0x1 
 .rodata        0x00000000001198e4      0x26f binaries/pdump.o
 *fill*         0x0000000000119b53        0x1 
 .rodata        0x0000000000119b54      0x154 binaries/tftp.o
 *fill*         0x0000000000119ca8       0x18 
 .rodata        0x0000000000119cc0      0x3f9 binaries/shell.o
                0x0000000000119d60                cmdtab
 .rodata        0x000000000011a0b9       0x28 binaries/xsh_argecho.o
 *fill*         0x000000000011a0e1        0x3 
 .rodata        0x000000000011a0e4      0x123 binaries/xsh_arp.o
 *fill*         0x000000000011a207        0x1 
 .rodata        0x000000000011a208       0xc9 binaries/xsh_cat.o
 .rodata        0x000000000011a2d1       0x19 binaries/xsh_clear.o
 *fill*         0x000000000011a2ea        0x2 
 .rodata        0x000000000011a2ec      0x1c3 binaries/xsh_date.o
 .rodata        0x000000000011a4af       0x5d binaries/xsh_devdump.o
 .rodata        0x000000000011a50c        0x9 binaries/xsh_echo.o
 *fill*         0x000000000011a515        0x3 
 .rodata        0x000000000011a518      0x169 binaries/xsh_help.o
 *fill*         0x000000000011a681        0x3 
 .rodata        0x000000000011a684      0x12e binaries/xsh_kill.o
 *fill*         0x000000000011a7b2        0x2 
 .rodata        0x000000000011a7b4      0x190 binaries/xsh_ls.o
 .rodata        0x000000000011a944      0x266 binaries/xsh_memdump.o
 *fill*         0x000000000011abaa        0x2 
 .rodata        0x000000000011abac      0x225 binaries/xsh_memstat.o
 *fill*         0x000000000011add1        0x3 
 .rodata        0x000000000011add4      0x1b0 binaries/xsh_netinfo.o
 *fill*         0x000000000011af84       0x1c 
 .rodata        0x000000000011afa0      0x340 binaries/xsh_ns.o
 .rodata        0x000000000011b2e0      0x19d binaries/xsh_ping.o
 *fill*         0x000000000011b47d        0x3 
 .rodata        0x000000000011b480      0x1e0 binaries/xsh_ps.o
 .rodata        0x000000000011b660       0xeb binaries/xsh_sleep.o
 *fill*         0x000000000011b74b        0x1 
 .rodata        0x000000000011b74c      0x1b8 binaries/xsh_udpdump.o
 .rodata        0x000000000011b904      0x27d binaries/xsh_udpecho.o
 *fill*         0x000000000011bb81        0x3 
 .rodata        0x000000000011bb84      0x12b binaries/xsh_udpserver.o
 *fill*         0x000000000011bcaf        0x1 
 .rodata        0x000000000011bcb0      0x105 binaries/xsh_uptime.o
                0x000000000011bdb5                etext = ABSOLUTE (.)
                0x000000000011c000                . = ALIGN (0x1000)
 *fill*         0x000000000011bdb5      0x24b 

.eh_frame       0x000000000011c000     0x2e1c
 .eh_frame      0x000000000011c000       0x40 binaries/ascdate.o
 .eh_frame      0x000000000011c040       0x20 binaries/bufinit.o
                                         0x38 (size before relaxing)
 .eh_frame      0x000000000011c060       0x20 binaries/chprio.o
                                         0x38 (size before relaxing)
 .eh_frame      0x000000000011c080       0x20 binaries/clkhandler.o
                                         0x38 (size before relaxing)
 .eh_frame      0x000000000011c0a0       0x20 binaries/clkinit.o
                                         0x38 (size before relaxing)
 .eh_frame      0x000000000011c0c0       0x20 binaries/close.o
                                         0x38 (size before relaxing)
 .eh_frame      0x000000000011c0e0       0x20 binaries/control.o
                                         0x38 (size before relaxing)
 .eh_frame      0x000000000011c100       0x20 binaries/create.o
                                         0x38 (size before relaxing)
 .eh_frame      0x000000000011c120       0x60 binaries/evec.o
                                         0x78 (size before relaxing)
 .eh_frame      0x000000000011c180       0x20 binaries/exit.o
                                         0x38 (size before relaxing)
 .eh_frame      0x000000000011c1a0       0x20 binaries/fork.o
                                         0x38 (size before relaxing)
 .eh_frame      0x000000000011c1c0       0x20 binaries/freebuf.o
                                         0x38 (size before relaxing)
 .eh_frame      0x000000000011c1e0       0x20 binaries/freemem.o
                                         0x38 (size before relaxing)
 .eh_frame      0x000000000011c200       0x20 binaries/getbuf.o
                                         0x38 (size before relaxing)
 .eh_frame      0x000000000011c220       0x20 binaries/getc.o
                                         0x38 (size before relaxing)
 .eh_frame      0x000000000011c240       0x20 binaries/getdev.o
                                         0x38 (size before relaxing)
 .eh_frame      0x000000000011c260       0x60 binaries/getitem.o
                                         0x78 (size before relaxing)
 .eh_frame      0x000000000011c2c0       0x20 binaries/getmem.o
                                         0x38 (size before relaxing)
 .eh_frame      0x000000000011c2e0       0x20 binaries/getpid.o
                                         0x38 (size before relaxing)
 .eh_frame      0x000000000011c300       0x20 binaries/getprio.o
                                         0x38 (size before relaxing)
 .eh_frame      0x000000000011c320       0x20 binaries/getstk.o
                                         0x38 (size before relaxing)
 .eh_frame      0x000000000011c340       0x20 binaries/getticks.o
                                         0x38 (size before relaxing)
 .eh_frame      0x000000000011c360       0x20 binaries/gettime.o
                                         0x38 (size before relaxing)
 .eh_frame      0x000000000011c380       0x20 binaries/getutime.o
                                         0x38 (size before relaxing)
 .eh_frame      0x000000000011c3a0       0x8c binaries/i386.o
                                         0xa4 (size before relaxing)
 .eh_frame      0x000000000011c42c       0x20 binaries/init.o
                                         0x38 (size before relaxing)
 .eh_frame      0x000000000011c44c       0xa0 binaries/initialize.o
                                         0xb8 (size before relaxing)
 .eh_frame      0x000000000011c4ec       0x20 binaries/insert.o
                                         0x38 (size before relaxing)
 .eh_frame      0x000000000011c50c       0x20 binaries/insertd.o
                                         0x38 (size before relaxing)
 .eh_frame      0x000000000011c52c       0x20 binaries/ioerr.o
                                         0x38 (size before relaxing)
 .eh_frame      0x000000000011c54c       0x20 binaries/ionull.o
                                         0x38 (size before relaxing)
 .eh_frame      0x000000000011c56c       0x20 binaries/kill.o
                                         0x38 (size before relaxing)
 .eh_frame      0x000000000011c58c       0x60 binaries/kprintf.o
                                         0x78 (size before relaxing)
 .eh_frame      0x000000000011c5ec       0xd0 binaries/main.o
                                         0xe8 (size before relaxing)
 .eh_frame      0x000000000011c6bc       0x40 binaries/mark.o
                                         0x58 (size before relaxing)
 .eh_frame      0x000000000011c6fc       0x20 binaries/meminit.o
                                         0x38 (size before relaxing)
 .eh_frame      0x000000000011c71c       0x20 binaries/mkbufpool.o
                                         0x38 (size before relaxing)
 .eh_frame      0x000000000011c73c       0x20 binaries/newpid.o
                                         0x38 (size before relaxing)
 .eh_frame      0x000000000011c75c       0x20 binaries/newqueue.o
                                         0x38 (size before relaxing)
 .eh_frame      0x000000000011c77c       0x20 binaries/open.o
                                         0x38 (size before relaxing)
 .eh_frame      0x000000000011c79c       0x1c binaries/panic.o
                                         0x34 (size before relaxing)
 .eh_frame      0x000000000011c7b8      0x1cc binaries/pci.o
                                        0x1e4 (size before relaxing)
 .eh_frame      0x000000000011c984       0x20 binaries/ptclear.o
                                         0x38 (size before relaxing)
 .eh_frame      0x000000000011c9a4       0x20 binaries/ptcount.o
                                         0x38 (size before relaxing)
 .eh_frame      0x000000000011c9c4       0x20 binaries/ptcreate.o
                                         0x38 (size before relaxing)
 .eh_frame      0x000000000011c9e4       0x20 binaries/ptdelete.o
                                         0x38 (size before relaxing)
 .eh_frame      0x000000000011ca04       0x20 binaries/ptinit.o
                                         0x38 (size before relaxing)
 .eh_frame      0x000000000011ca24       0x20 binaries/ptrecv.o
                                         0x38 (size before relaxing)
 .eh_frame      0x000000000011ca44       0x20 binaries/ptreset.o
                                         0x38 (size before relaxing)
 .eh_frame      0x000000000011ca64       0x20 binaries/ptsend.o
                                         0x38 (size before relaxing)
 .eh_frame      0x000000000011ca84       0x20 binaries/putc.o
                                         0x38 (size before relaxing)
 .eh_frame      0x000000000011caa4       0x40 binaries/queue.o
                                         0x58 (size before relaxing)
 .eh_frame      0x000000000011cae4       0x20 binaries/read.o
                                         0x38 (size before relaxing)
 .eh_frame      0x000000000011cb04       0x24 binaries/ready.o
                                         0x3c (size before relaxing)
 .eh_frame      0x000000000011cb28       0x20 binaries/receive.o
                                         0x38 (size before relaxing)
 .eh_frame      0x000000000011cb48       0x20 binaries/recvclr.o
                                         0x38 (size before relaxing)
 .eh_frame      0x000000000011cb68       0x20 binaries/recvtime.o
                                         0x38 (size before relaxing)
 .eh_frame      0x000000000011cb88       0x40 binaries/resched.o
                                         0x58 (size before relaxing)
 .eh_frame      0x000000000011cbc8       0x20 binaries/resume.o
                                         0x38 (size before relaxing)
 .eh_frame      0x000000000011cbe8       0x20 binaries/seek.o
                                         0x38 (size before relaxing)
 .eh_frame      0x000000000011cc08       0x20 binaries/semcount.o
                                         0x38 (size before relaxing)
 .eh_frame      0x000000000011cc28       0x40 binaries/semcreate.o
                                         0x58 (size before relaxing)
 .eh_frame      0x000000000011cc68       0x20 binaries/semdelete.o
                                         0x38 (size before relaxing)
 .eh_frame      0x000000000011cc88       0x20 binaries/semreset.o
                                         0x38 (size before relaxing)
 .eh_frame      0x000000000011cca8       0x20 binaries/send.o
                                         0x38 (size before relaxing)
 .eh_frame      0x000000000011ccc8       0x20 binaries/signal.o
                                         0x38 (size before relaxing)
 .eh_frame      0x000000000011cce8       0x20 binaries/signaln.o
                                         0x38 (size before relaxing)
 .eh_frame      0x000000000011cd08       0x40 binaries/sleep.o
                                         0x58 (size before relaxing)
 .eh_frame      0x000000000011cd48       0x20 binaries/stacktrace.o
                                         0x38 (size before relaxing)
 .eh_frame      0x000000000011cd68       0x20 binaries/suspend.o
                                         0x38 (size before relaxing)
 .eh_frame      0x000000000011cd88       0x20 binaries/unsleep.o
                                         0x38 (size before relaxing)
 .eh_frame      0x000000000011cda8       0x20 binaries/userret.o
                                         0x38 (size before relaxing)
 .eh_frame      0x000000000011cdc8       0x20 binaries/wait.o
                                         0x38 (size before relaxing)
 .eh_frame      0x000000000011cde8       0x20 binaries/wakeup.o
                                         0x38 (size before relaxing)
 .eh_frame      0x000000000011ce08       0x20 binaries/write.o
                                         0x38 (size before relaxing)
 .eh_frame      0x000000000011ce28       0x20 binaries/xdone.o
                                         0x38 (size before relaxing)
 .eh_frame      0x000000000011ce48       0x20 binaries/yield.o
                                         0x38 (size before relaxing)
 .eh_frame      0x000000000011ce68       0x20 binaries/abs.o
                                         0x38 (size before relaxing)
 .eh_frame      0x000000000011ce88       0x20 binaries/atoi.o
                                         0x38 (size before relaxing)
 .eh_frame      0x000000000011cea8       0x20 binaries/atol.o
                                         0x38 (size before relaxing)
 .eh_frame      0x000000000011cec8       0x20 binaries/bzero.o
                                         0x38 (size before relaxing)
 .eh_frame      0x000000000011cee8       0xe4 binaries/doprnt.o
                                         0xfc (size before relaxing)
 .eh_frame      0x000000000011cfcc       0xb0 binaries/doscan.o
                                         0xc8 (size before relaxing)
 .eh_frame      0x000000000011d07c       0xc0 binaries/fdoprnt.o
                                         0xd8 (size before relaxing)
 .eh_frame      0x000000000011d13c       0x20 binaries/fgetc.o
                                         0x38 (size before relaxing)
 .eh_frame      0x000000000011d15c       0x20 binaries/fgets.o
                                         0x38 (size before relaxing)
 .eh_frame      0x000000000011d17c       0x20 binaries/fprintf.o
                                         0x38 (size before relaxing)
 .eh_frame      0x000000000011d19c       0x20 binaries/fputc.o
                                         0x38 (size before relaxing)
 .eh_frame      0x000000000011d1bc       0x20 binaries/fputs.o
                                         0x38 (size before relaxing)
 .eh_frame      0x000000000011d1dc       0x60 binaries/fscanf.o
                                         0x78 (size before relaxing)
 .eh_frame      0x000000000011d23c       0x20 binaries/getchar.o
                                         0x38 (size before relaxing)
 .eh_frame      0x000000000011d25c       0x20 binaries/labs.o
                                         0x38 (size before relaxing)
 .eh_frame      0x000000000011d27c       0x20 binaries/memcmp.o
                                         0x38 (size before relaxing)
 .eh_frame      0x000000000011d29c       0x24 binaries/memcpy.o
                                         0x3c (size before relaxing)
 .eh_frame      0x000000000011d2c0       0x24 binaries/memset.o
                                         0x3c (size before relaxing)
 .eh_frame      0x000000000011d2e4       0x20 binaries/printf.o
                                         0x38 (size before relaxing)
 .eh_frame      0x000000000011d304       0x20 binaries/putchar.o
                                         0x38 (size before relaxing)
 .eh_frame      0x000000000011d324       0xa8 binaries/qsort.o
                                         0xc0 (size before relaxing)
 .eh_frame      0x000000000011d3cc       0x60 binaries/rand.o
                                         0x78 (size before relaxing)
 .eh_frame      0x000000000011d42c       0x40 binaries/sprintf.o
                                         0x58 (size before relaxing)
 .eh_frame      0x000000000011d46c       0x60 binaries/sscanf.o
                                         0x78 (size before relaxing)
 .eh_frame      0x000000000011d4cc       0x20 binaries/strchr.o
                                         0x38 (size before relaxing)
 .eh_frame      0x000000000011d4ec       0x20 binaries/strcmp.o
                                         0x38 (size before relaxing)
 .eh_frame      0x000000000011d50c       0x20 binaries/strcpy.o
                                         0x38 (size before relaxing)
 .eh_frame      0x000000000011d52c       0x20 binaries/strlen.o
                                         0x38 (size before relaxing)
 .eh_frame      0x000000000011d54c       0x20 binaries/strncat.o
                                         0x38 (size before relaxing)
 .eh_frame      0x000000000011d56c       0x20 binaries/strncmp.o
                                         0x38 (size before relaxing)
 .eh_frame      0x000000000011d58c       0x28 binaries/strncpy.o
                                         0x40 (size before relaxing)
 .eh_frame      0x000000000011d5b4       0x20 binaries/strnlen.o
                                         0x38 (size before relaxing)
 .eh_frame      0x000000000011d5d4       0x20 binaries/strrchr.o
                                         0x38 (size before relaxing)
 .eh_frame      0x000000000011d5f4       0x20 binaries/strstr.o
                                         0x38 (size before relaxing)
 .eh_frame      0x000000000011d614       0x20 binaries/ttycontrol.o
                                         0x38 (size before relaxing)
 .eh_frame      0x000000000011d634       0x20 binaries/ttygetc.o
                                         0x38 (size before relaxing)
 .eh_frame      0x000000000011d654       0x80 binaries/ttyhandle_in.o
                                         0x98 (size before relaxing)
 .eh_frame      0x000000000011d6d4       0x20 binaries/ttyhandle_out.o
                                         0x38 (size before relaxing)
 .eh_frame      0x000000000011d6f4       0x20 binaries/ttyhandler.o
                                         0x38 (size before relaxing)
 .eh_frame      0x000000000011d714       0x20 binaries/ttyinit.o
                                         0x38 (size before relaxing)
 .eh_frame      0x000000000011d734       0x20 binaries/ttykickout.o
                                         0x38 (size before relaxing)
 .eh_frame      0x000000000011d754       0x20 binaries/ttyputc.o
                                         0x38 (size before relaxing)
 .eh_frame      0x000000000011d774       0x28 binaries/ttyread.o
                                         0x40 (size before relaxing)
 .eh_frame      0x000000000011d79c       0x20 binaries/ttywrite.o
                                         0x38 (size before relaxing)
 .eh_frame      0x000000000011d7bc       0x40 binaries/mount.o
                                         0x58 (size before relaxing)
 .eh_frame      0x000000000011d7fc       0x20 binaries/naminit.o
                                         0x38 (size before relaxing)
 .eh_frame      0x000000000011d81c       0x60 binaries/nammap.o
                                         0x78 (size before relaxing)
 .eh_frame      0x000000000011d87c       0x20 binaries/namopen.o
                                         0x38 (size before relaxing)
 .eh_frame      0x000000000011d89c      0x150 binaries/82545EMInit.o
                                        0x168 (size before relaxing)
 .eh_frame      0x000000000011d9ec       0xa0 binaries/ethcontrol.o
                                         0xb8 (size before relaxing)
 .eh_frame      0x000000000011da8c       0x80 binaries/ethhandler.o
                                         0x98 (size before relaxing)
 .eh_frame      0x000000000011db0c       0x20 binaries/ethinit.o
                                         0x38 (size before relaxing)
 .eh_frame      0x000000000011db2c       0x60 binaries/ethread.o
                                         0x78 (size before relaxing)
 .eh_frame      0x000000000011db8c       0x60 binaries/ethwrite.o
                                         0x78 (size before relaxing)
 .eh_frame      0x000000000011dbec       0x20 binaries/rdscomm.o
                                         0x38 (size before relaxing)
 .eh_frame      0x000000000011dc0c       0x20 binaries/rdscontrol.o
                                         0x38 (size before relaxing)
 .eh_frame      0x000000000011dc2c       0x20 binaries/rdsinit.o
                                         0x38 (size before relaxing)
 .eh_frame      0x000000000011dc4c       0x20 binaries/rdsopen.o
                                         0x38 (size before relaxing)
 .eh_frame      0x000000000011dc6c       0x1c binaries/rdsprocess.o
                                         0x34 (size before relaxing)
 .eh_frame      0x000000000011dc88       0xc0 binaries/rdsqfcns.o
                                         0xd8 (size before relaxing)
 .eh_frame      0x000000000011dd48       0x20 binaries/rdsread.o
                                         0x38 (size before relaxing)
 .eh_frame      0x000000000011dd68       0x20 binaries/rdssetprio.o
                                         0x38 (size before relaxing)
 .eh_frame      0x000000000011dd88       0x20 binaries/rdswrite.o
                                         0x38 (size before relaxing)
 .eh_frame      0x000000000011dda8       0x20 binaries/ramclose.o
                                         0x38 (size before relaxing)
 .eh_frame      0x000000000011ddc8       0x20 binaries/raminit.o
                                         0x38 (size before relaxing)
 .eh_frame      0x000000000011dde8       0x20 binaries/ramopen.o
                                         0x38 (size before relaxing)
 .eh_frame      0x000000000011de08       0x20 binaries/ramread.o
                                         0x38 (size before relaxing)
 .eh_frame      0x000000000011de28       0x20 binaries/ramwrite.o
                                         0x38 (size before relaxing)
 .eh_frame      0x000000000011de48       0x20 binaries/lfdballoc.o
                                         0x38 (size before relaxing)
 .eh_frame      0x000000000011de68       0x20 binaries/lfdbfree.o
                                         0x38 (size before relaxing)
 .eh_frame      0x000000000011de88       0x20 binaries/lfflush.o
                                         0x38 (size before relaxing)
 .eh_frame      0x000000000011dea8       0x20 binaries/lfgetmode.o
                                         0x38 (size before relaxing)
 .eh_frame      0x000000000011dec8       0x20 binaries/lfiballoc.o
                                         0x38 (size before relaxing)
 .eh_frame      0x000000000011dee8       0x20 binaries/lfibclear.o
                                         0x38 (size before relaxing)
 .eh_frame      0x000000000011df08       0x20 binaries/lfibget.o
                                         0x38 (size before relaxing)
 .eh_frame      0x000000000011df28       0x20 binaries/lfibput.o
                                         0x38 (size before relaxing)
 .eh_frame      0x000000000011df48       0x20 binaries/lflclose.o
                                         0x38 (size before relaxing)
 .eh_frame      0x000000000011df68       0x20 binaries/lflcontrol.o
                                         0x38 (size before relaxing)
 .eh_frame      0x000000000011df88       0x20 binaries/lflgetc.o
                                         0x38 (size before relaxing)
 .eh_frame      0x000000000011dfa8       0x20 binaries/lflinit.o
                                         0x38 (size before relaxing)
 .eh_frame      0x000000000011dfc8       0x20 binaries/lflputc.o
                                         0x38 (size before relaxing)
 .eh_frame      0x000000000011dfe8       0x20 binaries/lflread.o
                                         0x38 (size before relaxing)
 .eh_frame      0x000000000011e008       0x20 binaries/lflseek.o
                                         0x38 (size before relaxing)
 .eh_frame      0x000000000011e028       0x20 binaries/lflwrite.o
                                         0x38 (size before relaxing)
 .eh_frame      0x000000000011e048       0x20 binaries/lfscheck.o
                                         0x38 (size before relaxing)
 .eh_frame      0x000000000011e068       0x20 binaries/lfsckfmt.o
                                         0x38 (size before relaxing)
 .eh_frame      0x000000000011e088       0x20 binaries/lfscreate.o
                                         0x38 (size before relaxing)
 .eh_frame      0x000000000011e0a8       0x20 binaries/lfsetup.o
                                         0x38 (size before relaxing)
 .eh_frame      0x000000000011e0c8       0x20 binaries/lfsinit.o
                                         0x38 (size before relaxing)
 .eh_frame      0x000000000011e0e8       0x20 binaries/lfsopen.o
                                         0x38 (size before relaxing)
 .eh_frame      0x000000000011e108       0x20 binaries/lftruncate.o
                                         0x38 (size before relaxing)
 .eh_frame      0x000000000011e128       0x20 binaries/rflclose.o
                                         0x38 (size before relaxing)
 .eh_frame      0x000000000011e148       0x20 binaries/rflgetc.o
                                         0x38 (size before relaxing)
 .eh_frame      0x000000000011e168       0x20 binaries/rflinit.o
                                         0x38 (size before relaxing)
 .eh_frame      0x000000000011e188       0x20 binaries/rflputc.o
                                         0x38 (size before relaxing)
 .eh_frame      0x000000000011e1a8       0x20 binaries/rflread.o
                                         0x38 (size before relaxing)
 .eh_frame      0x000000000011e1c8       0x20 binaries/rflseek.o
                                         0x38 (size before relaxing)
 .eh_frame      0x000000000011e1e8       0x20 binaries/rflwrite.o
                                         0x38 (size before relaxing)
 .eh_frame      0x000000000011e208       0x20 binaries/rfscomm.o
                                         0x38 (size before relaxing)
 .eh_frame      0x000000000011e228       0x20 binaries/rfscontrol.o
                                         0x38 (size before relaxing)
 .eh_frame      0x000000000011e248       0x20 binaries/rfsgetmode.o
                                         0x38 (size before relaxing)
 .eh_frame      0x000000000011e268       0x20 binaries/rfsinit.o
                                         0x38 (size before relaxing)
 .eh_frame      0x000000000011e288       0x20 binaries/rfsndmsg.o
                                         0x38 (size before relaxing)
 .eh_frame      0x000000000011e2a8       0x20 binaries/rfsopen.o
                                         0x38 (size before relaxing)
 .eh_frame      0x000000000011e2c8       0xc0 binaries/arp.o
                                         0xd8 (size before relaxing)
 .eh_frame      0x000000000011e388       0xa0 binaries/dhcp.o
                                         0xb8 (size before relaxing)
 .eh_frame      0x000000000011e428       0x80 binaries/dns.o
                                         0x98 (size before relaxing)
 .eh_frame      0x000000000011e4a8       0x20 binaries/dot2ip.o
                                         0x38 (size before relaxing)
 .eh_frame      0x000000000011e4c8       0x40 binaries/hexdump.o
                                         0x58 (size before relaxing)
 .eh_frame      0x000000000011e508      0x150 binaries/icmp.o
                                        0x168 (size before relaxing)
 .eh_frame      0x000000000011e658      0x11c binaries/ip.o
                                        0x134 (size before relaxing)
 .eh_frame      0x000000000011e774       0xa0 binaries/net.o
                                         0xb8 (size before relaxing)
 .eh_frame      0x000000000011e814       0x60 binaries/pdump.o
                                         0x78 (size before relaxing)
 .eh_frame      0x000000000011e874       0x60 binaries/tftp.o
                                         0x78 (size before relaxing)
 .eh_frame      0x000000000011e8d4      0x140 binaries/udp.o
                                        0x158 (size before relaxing)
 .eh_frame      0x000000000011ea14       0x20 binaries/addargs.o
                                         0x38 (size before relaxing)
 .eh_frame      0x000000000011ea34       0x20 binaries/lexan.o
                                         0x38 (size before relaxing)
 .eh_frame      0x000000000011ea54       0x20 binaries/shell.o
                                         0x38 (size before relaxing)
 .eh_frame      0x000000000011ea74       0x20 binaries/xsh_argecho.o
                                         0x38 (size before relaxing)
 .eh_frame      0x000000000011ea94       0x40 binaries/xsh_arp.o
                                         0x58 (size before relaxing)
 .eh_frame      0x000000000011ead4       0x20 binaries/xsh_cat.o
                                         0x38 (size before relaxing)
 .eh_frame      0x000000000011eaf4       0x20 binaries/xsh_clear.o
                                         0x38 (size before relaxing)
 .eh_frame      0x000000000011eb14       0x20 binaries/xsh_date.o
                                         0x38 (size before relaxing)
 .eh_frame      0x000000000011eb34       0x20 binaries/xsh_devdump.o
                                         0x38 (size before relaxing)
 .eh_frame      0x000000000011eb54       0x20 binaries/xsh_echo.o
                                         0x38 (size before relaxing)
 .eh_frame      0x000000000011eb74       0x20 binaries/xsh_exit.o
                                         0x38 (size before relaxing)
 .eh_frame      0x000000000011eb94       0x2c binaries/xsh_help.o
                                         0x44 (size before relaxing)
 .eh_frame      0x000000000011ebc0       0x20 binaries/xsh_kill.o
                                         0x38 (size before relaxing)
 .eh_frame      0x000000000011ebe0       0x2c binaries/xsh_ls.o
                                         0x44 (size before relaxing)
 .eh_frame      0x000000000011ec0c       0x40 binaries/xsh_memdump.o
                                         0x58 (size before relaxing)
 .eh_frame      0x000000000011ec4c       0x60 binaries/xsh_memstat.o
                                         0x78 (size before relaxing)
 .eh_frame      0x000000000011ecac       0x30 binaries/xsh_netinfo.o
                                         0x48 (size before relaxing)
 .eh_frame      0x000000000011ecdc       0x30 binaries/xsh_ns.o
                                         0x48 (size before relaxing)
 .eh_frame      0x000000000011ed0c       0x28 binaries/xsh_ping.o
                                         0x40 (size before relaxing)
 .eh_frame      0x000000000011ed34       0x30 binaries/xsh_ps.o
                                         0x48 (size before relaxing)
 .eh_frame      0x000000000011ed64       0x20 binaries/xsh_sleep.o
                                         0x38 (size before relaxing)
 .eh_frame      0x000000000011ed84       0x20 binaries/xsh_udpdump.o
                                         0x38 (size before relaxing)
 .eh_frame      0x000000000011eda4       0x30 binaries/xsh_udpecho.o
                                         0x48 (size before relaxing)
 .eh_frame      0x000000000011edd4       0x28 binaries/xsh_udpserver.o
                                         0x40 (size before relaxing)
 .eh_frame      0x000000000011edfc       0x20 binaries/xsh_uptime.o
                                         0x38 (size before relaxing)

.iplt           0x000000000011ee1c        0x0
 .iplt          0x000000000011ee1c        0x0 binaries/start.o

.rel.dyn        0x000000000011ee1c        0x0
 .rel.got       0x000000000011ee1c        0x0 binaries/start.o
 .rel.iplt      0x000000000011ee1c        0x0 binaries/start.o
 .rel.text      0x000000000011ee1c        0x0 binaries/start.o

.data           0x000000000011ee20     0x11e0
                0x000000000011ee20                data = ABSOLUTE (.)
 *(.data .data.*)
 .data          0x000000000011ee20      0x460 binaries/start.o
                0x000000000011ee20                gdt
                0x000000000011ee60                gdtr
                0x000000000011ee66                idt
                0x000000000011f266                idtr
                0x000000000011f26c                cpudelay
                0x000000000011f270                _bootdev
                0x000000000011f274                _cyloffset
 .data          0x000000000011f280       0x88 binaries/ascdate.o
                0x000000000011f280                Date
 .data          0x000000000011f308        0x0 binaries/bufinit.o
 .data          0x000000000011f308        0x0 binaries/chprio.o
 .data          0x000000000011f308        0x4 binaries/clkhandler.o
 .data          0x000000000011f30c        0x0 binaries/clkinit.o
 .data          0x000000000011f30c        0x0 binaries/close.o
 *fill*         0x000000000011f30c       0x14 
 .data          0x000000000011f320      0x5a0 binaries/conf.o
                0x000000000011f320                devtab
 .data          0x000000000011f8c0        0x0 binaries/control.o
 .data          0x000000000011f8c0        0x0 binaries/create.o
 .data          0x000000000011f8c0       0x40 binaries/evec.o
                0x000000000011f8c0                inames
 .data          0x000000000011f900        0x0 binaries/exit.o
 .data          0x000000000011f900        0x0 binaries/fork.o
 .data          0x000000000011f900        0x0 binaries/freebuf.o
 .data          0x000000000011f900        0x0 binaries/freemem.o
 .data          0x000000000011f900        0x0 binaries/getbuf.o
 .data          0x000000000011f900        0x0 binaries/getc.o
 .data          0x000000000011f900        0x0 binaries/getdev.o
 .data          0x000000000011f900        0x0 binaries/getitem.o
 .data          0x000000000011f900        0x0 binaries/getmem.o
 .data          0x000000000011f900        0x0 binaries/getpid.o
 .data          0x000000000011f900        0x0 binaries/getprio.o
 .data          0x000000000011f900        0x0 binaries/getstk.o
 .data          0x000000000011f900        0x0 binaries/getticks.o
 .data          0x000000000011f900        0x0 binaries/gettime.o
 .data          0x000000000011f900        0x0 binaries/getutime.o
 .data          0x000000000011f900       0x40 binaries/i386.o
                0x000000000011f900                gdt_copy
 .data          0x000000000011f940        0x0 binaries/init.o
 .data          0x000000000011f940        0x0 binaries/initialize.o
 .data          0x000000000011f940        0x0 binaries/insert.o
 .data          0x000000000011f940        0x0 binaries/insertd.o
 .data          0x000000000011f940        0x0 binaries/ioerr.o
 .data          0x000000000011f940        0x0 binaries/ionull.o
 .data          0x000000000011f940        0x0 binaries/kill.o
 .data          0x000000000011f940        0x0 binaries/kprintf.o
 .data          0x000000000011f940        0x0 binaries/main.o
 .data          0x000000000011f940        0x0 binaries/mark.o
 .data          0x000000000011f940        0x0 binaries/meminit.o
 .data          0x000000000011f940        0x0 binaries/mkbufpool.o
 .data          0x000000000011f940        0x4 binaries/newpid.o
 .data          0x000000000011f944        0x2 binaries/newqueue.o
[...]
 .comment       0x0000000000000023       0x24 binaries/ip.o
 .comment       0x0000000000000023       0x24 binaries/net.o
 .comment       0x0000000000000023       0x24 binaries/pdump.o
 .comment       0x0000000000000023       0x24 binaries/tftp.o
 .comment       0x0000000000000023       0x24 binaries/udp.o
 .comment       0x0000000000000023       0x24 binaries/addargs.o
 .comment       0x0000000000000023       0x24 binaries/lexan.o
 .comment       0x0000000000000023       0x24 binaries/shell.o
 .comment       0x0000000000000023       0x24 binaries/xsh_argecho.o
 .comment       0x0000000000000023       0x24 binaries/xsh_arp.o
 .comment       0x0000000000000023       0x24 binaries/xsh_cat.o
 .comment       0x0000000000000023       0x24 binaries/xsh_clear.o
 .comment       0x0000000000000023       0x24 binaries/xsh_date.o
 .comment       0x0000000000000023       0x24 binaries/xsh_devdump.o
 .comment       0x0000000000000023       0x24 binaries/xsh_echo.o
 .comment       0x0000000000000023       0x24 binaries/xsh_exit.o
 .comment       0x0000000000000023       0x24 binaries/xsh_help.o
 .comment       0x0000000000000023       0x24 binaries/xsh_kill.o
 .comment       0x0000000000000023       0x24 binaries/xsh_ls.o
 .comment       0x0000000000000023       0x24 binaries/xsh_memdump.o
 .comment       0x0000000000000023       0x24 binaries/xsh_memstat.o
 .comment       0x0000000000000023       0x24 binaries/xsh_netinfo.o
 .comment       0x0000000000000023       0x24 binaries/xsh_ns.o
 .comment       0x0000000000000023       0x24 binaries/xsh_ping.o
 .comment       0x0000000000000023       0x24 binaries/xsh_ps.o
 .comment       0x0000000000000023       0x24 binaries/xsh_sleep.o
 .comment       0x0000000000000023       0x24 binaries/xsh_udpdump.o
 .comment       0x0000000000000023       0x24 binaries/xsh_udpecho.o
 .comment       0x0000000000000023       0x24 binaries/xsh_udpserver.o
 .comment       0x0000000000000023       0x24 binaries/xsh_uptime.o

.note.GNU-stack
                0x0000000000000000        0x0
 .note.GNU-stack
                0x0000000000000000        0x0 binaries/ascdate.o
 .note.GNU-stack
                0x0000000000000000        0x0 binaries/bufinit.o
 .note.GNU-stack
                0x0000000000000000        0x0 binaries/chprio.o
 .note.GNU-stack
                0x0000000000000000        0x0 binaries/clkhandler.o
 .note.GNU-stack
                0x0000000000000000        0x0 binaries/clkinit.o
 .note.GNU-stack
                0x0000000000000000        0x0 binaries/close.o
 .note.GNU-stack
                0x0000000000000000        0x0 binaries/conf.o
 .note.GNU-stack
                0x0000000000000000        0x0 binaries/control.o
 .note.GNU-stack
                0x0000000000000000        0x0 binaries/create.o
 .note.GNU-stack
                0x0000000000000000        0x0 binaries/evec.o
 .note.GNU-stack
                0x0000000000000000        0x0 binaries/exit.o
 .note.GNU-stack
                0x0000000000000000        0x0 binaries/fork.o
 .note.GNU-stack
                0x0000000000000000        0x0 binaries/freebuf.o
 .note.GNU-stack
                0x0000000000000000        0x0 binaries/freemem.o
 .note.GNU-stack
                0x0000000000000000        0x0 binaries/getbuf.o
 .note.GNU-stack
                0x0000000000000000        0x0 binaries/getc.o
 .note.GNU-stack
                0x0000000000000000        0x0 binaries/getdev.o
 .note.GNU-stack
                0x0000000000000000        0x0 binaries/getitem.o
 .note.GNU-stack
                0x0000000000000000        0x0 binaries/getmem.o
 .note.GNU-stack
                0x0000000000000000        0x0 binaries/getpid.o
 .note.GNU-stack
                0x0000000000000000        0x0 binaries/getprio.o
 .note.GNU-stack
                0x0000000000000000        0x0 binaries/getstk.o
 .note.GNU-stack
                0x0000000000000000        0x0 binaries/getticks.o
 .note.GNU-stack
                0x0000000000000000        0x0 binaries/gettime.o
 .note.GNU-stack
                0x0000000000000000        0x0 binaries/getutime.o
 .note.GNU-stack
                0x0000000000000000        0x0 binaries/i386.o
 .note.GNU-stack
                0x0000000000000000        0x0 binaries/init.o
 .note.GNU-stack
                0x0000000000000000        0x0 binaries/initialize.o
 .note.GNU-stack
                0x0000000000000000        0x0 binaries/insert.o
 .note.GNU-stack
                0x0000000000000000        0x0 binaries/insertd.o
 .note.GNU-stack
                0x0000000000000000        0x0 binaries/ioerr.o
 .note.GNU-stack
                0x0000000000000000        0x0 binaries/ionull.o
 .note.GNU-stack
                0x0000000000000000        0x0 binaries/kill.o
 .note.GNU-stack
                0x0000000000000000        0x0 binaries/kprintf.o
 .note.GNU-stack
                0x0000000000000000        0x0 binaries/main.o
 .note.GNU-stack
                0x0000000000000000        0x0 binaries/mark.o
 .note.GNU-stack
                0x0000000000000000        0x0 binaries/meminit.o
 .note.GNU-stack
                0x0000000000000000        0x0 binaries/mkbufpool.o
 .note.GNU-stack
                0x0000000000000000        0x0 binaries/newpid.o
 .note.GNU-stack
                0x0000000000000000        0x0 binaries/newqueue.o
 .note.GNU-stack
                0x0000000000000000        0x0 binaries/open.o
 .note.GNU-stack
                0x0000000000000000        0x0 binaries/panic.o
 .note.GNU-stack
                0x0000000000000000        0x0 binaries/pci.o
 .note.GNU-stack
                0x0000000000000000        0x0 binaries/ptclear.o
 .note.GNU-stack
                0x0000000000000000        0x0 binaries/ptcount.o
 .note.GNU-stack
                0x0000000000000000        0x0 binaries/ptcreate.o
 .note.GNU-stack
                0x0000000000000000        0x0 binaries/ptdelete.o
 .note.GNU-stack
                0x0000000000000000        0x0 binaries/ptinit.o
 .note.GNU-stack
                0x0000000000000000        0x0 binaries/ptrecv.o
 .note.GNU-stack
                0x0000000000000000        0x0 binaries/ptreset.o
 .note.GNU-stack
                0x0000000000000000        0x0 binaries/ptsend.o
 .note.GNU-stack
                0x0000000000000000        0x0 binaries/putc.o
 .note.GNU-stack
                0x0000000000000000        0x0 binaries/queue.o
 .note.GNU-stack
                0x0000000000000000        0x0 binaries/read.o
 .note.GNU-stack
                0x0000000000000000        0x0 binaries/ready.o
 .note.GNU-stack
                0x0000000000000000        0x0 binaries/receive.o
 .note.GNU-stack
                0x0000000000000000        0x0 binaries/recvclr.o
 .note.GNU-stack
                0x0000000000000000        0x0 binaries/recvtime.o
 .note.GNU-stack
                0x0000000000000000        0x0 binaries/resched.o
 .note.GNU-stack
                0x0000000000000000        0x0 binaries/resume.o
 .note.GNU-stack
                0x0000000000000000        0x0 binaries/seek.o
 .note.GNU-stack
                0x0000000000000000        0x0 binaries/semcount.o
 .note.GNU-stack
                0x0000000000000000        0x0 binaries/semcreate.o
 .note.GNU-stack
                0x0000000000000000        0x0 binaries/semdelete.o
 .note.GNU-stack
                0x0000000000000000        0x0 binaries/semreset.o
 .note.GNU-stack
                0x0000000000000000        0x0 binaries/send.o
 .note.GNU-stack
                0x0000000000000000        0x0 binaries/signal.o
 .note.GNU-stack
                0x0000000000000000        0x0 binaries/signaln.o
 .note.GNU-stack
                0x0000000000000000        0x0 binaries/sleep.o
 .note.GNU-stack
                0x0000000000000000        0x0 binaries/stacktrace.o
 .note.GNU-stack
                0x0000000000000000        0x0 binaries/suspend.o
 .note.GNU-stack
                0x0000000000000000        0x0 binaries/unsleep.o
 .note.GNU-stack
                0x0000000000000000        0x0 binaries/userret.o
 .note.GNU-stack
                0x0000000000000000        0x0 binaries/wait.o
 .note.GNU-stack
                0x0000000000000000        0x0 binaries/wakeup.o
 .note.GNU-stack
                0x0000000000000000        0x0 binaries/write.o
 .note.GNU-stack
                0x0000000000000000        0x0 binaries/xdone.o
 .note.GNU-stack
                0x0000000000000000        0x0 binaries/yield.o
 .note.GNU-stack
                0x0000000000000000        0x0 binaries/abs.o
 .note.GNU-stack
                0x0000000000000000        0x0 binaries/atoi.o
 .note.GNU-stack
                0x0000000000000000        0x0 binaries/atol.o
 .note.GNU-stack
                0x0000000000000000        0x0 binaries/bzero.o
 .note.GNU-stack
                0x0000000000000000        0x0 binaries/ctype_.o
 .note.GNU-stack
                0x0000000000000000        0x0 binaries/doprnt.o
 .note.GNU-stack
                0x0000000000000000        0x0 binaries/doscan.o
 .note.GNU-stack
                0x0000000000000000        0x0 binaries/fdoprnt.o
 .note.GNU-stack
                0x0000000000000000        0x0 binaries/fgetc.o
 .note.GNU-stack
                0x0000000000000000        0x0 binaries/fgets.o
 .note.GNU-stack
                0x0000000000000000        0x0 binaries/fprintf.o
 .note.GNU-stack
                0x0000000000000000        0x0 binaries/fputc.o
 .note.GNU-stack
                0x0000000000000000        0x0 binaries/fputs.o
 .note.GNU-stack
                0x0000000000000000        0x0 binaries/fscanf.o
 .note.GNU-stack
                0x0000000000000000        0x0 binaries/getchar.o
 .note.GNU-stack
                0x0000000000000000        0x0 binaries/labs.o
 .note.GNU-stack
                0x0000000000000000        0x0 binaries/memcmp.o
 .note.GNU-stack
                0x0000000000000000        0x0 binaries/memcpy.o
 .note.GNU-stack
                0x0000000000000000        0x0 binaries/memset.o
 .note.GNU-stack
                0x0000000000000000        0x0 binaries/printf.o
 .note.GNU-stack
                0x0000000000000000        0x0 binaries/putchar.o
 .note.GNU-stack
                0x0000000000000000        0x0 binaries/qsort.o
 .note.GNU-stack
                0x0000000000000000        0x0 binaries/rand.o
 .note.GNU-stack
                0x0000000000000000        0x0 binaries/sprintf.o
 .note.GNU-stack
                0x0000000000000000        0x0 binaries/sscanf.o
 .note.GNU-stack
                0x0000000000000000        0x0 binaries/strchr.o
 .note.GNU-stack
                0x0000000000000000        0x0 binaries/strcmp.o
 .note.GNU-stack
                0x0000000000000000        0x0 binaries/strcpy.o
 .note.GNU-stack
                0x0000000000000000        0x0 binaries/strlen.o
 .note.GNU-stack
                0x0000000000000000        0x0 binaries/strncat.o
 .note.GNU-stack
                0x0000000000000000        0x0 binaries/strncmp.o
 .note.GNU-stack
                0x0000000000000000        0x0 binaries/strncpy.o
 .note.GNU-stack
                0x0000000000000000        0x0 binaries/strnlen.o
 .note.GNU-stack
                0x0000000000000000        0x0 binaries/strrchr.o
 .note.GNU-stack
                0x0000000000000000        0x0 binaries/strstr.o
 .note.GNU-stack
                0x0000000000000000        0x0 binaries/ttycontrol.o
 .note.GNU-stack
                0x0000000000000000        0x0 binaries/ttygetc.o
 .note.GNU-stack
                0x0000000000000000        0x0 binaries/ttyhandle_in.o
 .note.GNU-stack
                0x0000000000000000        0x0 binaries/ttyhandle_out.o
 .note.GNU-stack
                0x0000000000000000        0x0 binaries/ttyhandler.o
 .note.GNU-stack
                0x0000000000000000        0x0 binaries/ttyinit.o
 .note.GNU-stack
                0x0000000000000000        0x0 binaries/ttykickout.o
 .note.GNU-stack
                0x0000000000000000        0x0 binaries/ttyputc.o
 .note.GNU-stack
                0x0000000000000000        0x0 binaries/ttyread.o
 .note.GNU-stack
                0x0000000000000000        0x0 binaries/ttywrite.o
 .note.GNU-stack
                0x0000000000000000        0x0 binaries/mount.o
 .note.GNU-stack
                0x0000000000000000        0x0 binaries/naminit.o
 .note.GNU-stack
                0x0000000000000000        0x0 binaries/nammap.o
 .note.GNU-stack
                0x0000000000000000        0x0 binaries/namopen.o
 .note.GNU-stack
                0x0000000000000000        0x0 binaries/82545EMInit.o
 .note.GNU-stack
                0x0000000000000000        0x0 binaries/ethcontrol.o
 .note.GNU-stack
                0x0000000000000000        0x0 binaries/ethhandler.o
 .note.GNU-stack
                0x0000000000000000        0x0 binaries/ethinit.o
 .note.GNU-stack
                0x0000000000000000        0x0 binaries/ethread.o
 .note.GNU-stack
                0x0000000000000000        0x0 binaries/ethwrite.o
 .note.GNU-stack
                0x0000000000000000        0x0 binaries/rdscomm.o
 .note.GNU-stack
                0x0000000000000000        0x0 binaries/rdscontrol.o
 .note.GNU-stack
                0x0000000000000000        0x0 binaries/rdsinit.o
 .note.GNU-stack
                0x0000000000000000        0x0 binaries/rdsopen.o
 .note.GNU-stack
                0x0000000000000000        0x0 binaries/rdsprocess.o
 .note.GNU-stack
                0x0000000000000000        0x0 binaries/rdsqfcns.o
 .note.GNU-stack
                0x0000000000000000        0x0 binaries/rdsread.o
 .note.GNU-stack
                0x0000000000000000        0x0 binaries/rdssetprio.o
 .note.GNU-stack
                0x0000000000000000        0x0 binaries/rdswrite.o
 .note.GNU-stack
                0x0000000000000000        0x0 binaries/ramclose.o
 .note.GNU-stack
                0x0000000000000000        0x0 binaries/raminit.o
 .note.GNU-stack
                0x0000000000000000        0x0 binaries/ramopen.o
 .note.GNU-stack
                0x0000000000000000        0x0 binaries/ramread.o
 .note.GNU-stack
                0x0000000000000000        0x0 binaries/ramwrite.o
 .note.GNU-stack
                0x0000000000000000        0x0 binaries/lfdballoc.o
 .note.GNU-stack
                0x0000000000000000        0x0 binaries/lfdbfree.o
 .note.GNU-stack
                0x0000000000000000        0x0 binaries/lfflush.o
 .note.GNU-stack
                0x0000000000000000        0x0 binaries/lfgetmode.o
 .note.GNU-stack
                0x0000000000000000        0x0 binaries/lfiballoc.o
 .note.GNU-stack
                0x0000000000000000        0x0 binaries/lfibclear.o
 .note.GNU-stack
                0x0000000000000000        0x0 binaries/lfibget.o
 .note.GNU-stack
                0x0000000000000000        0x0 binaries/lfibput.o
 .note.GNU-stack
                0x0000000000000000        0x0 binaries/lflclose.o
 .note.GNU-stack
                0x0000000000000000        0x0 binaries/lflcontrol.o
 .note.GNU-stack
                0x0000000000000000        0x0 binaries/lflgetc.o
 .note.GNU-stack
                0x0000000000000000        0x0 binaries/lflinit.o
 .note.GNU-stack
                0x0000000000000000        0x0 binaries/lflputc.o
 .note.GNU-stack
                0x0000000000000000        0x0 binaries/lflread.o
 .note.GNU-stack
                0x0000000000000000        0x0 binaries/lflseek.o
 .note.GNU-stack
                0x0000000000000000        0x0 binaries/lflwrite.o
 .note.GNU-stack
                0x0000000000000000        0x0 binaries/lfscheck.o
 .note.GNU-stack
                0x0000000000000000        0x0 binaries/lfsckfmt.o
 .note.GNU-stack
                0x0000000000000000        0x0 binaries/lfscreate.o
 .note.GNU-stack
                0x0000000000000000        0x0 binaries/lfsetup.o
 .note.GNU-stack
                0x0000000000000000        0x0 binaries/lfsinit.o
 .note.GNU-stack
                0x0000000000000000        0x0 binaries/lfsopen.o
 .note.GNU-stack
                0x0000000000000000        0x0 binaries/lftruncate.o
 .note.GNU-stack
                0x0000000000000000        0x0 binaries/rflclose.o
 .note.GNU-stack
                0x0000000000000000        0x0 binaries/rflgetc.o
 .note.GNU-stack
                0x0000000000000000        0x0 binaries/rflinit.o
 .note.GNU-stack
                0x0000000000000000        0x0 binaries/rflputc.o
 .note.GNU-stack
                0x0000000000000000        0x0 binaries/rflread.o
 .note.GNU-stack
                0x0000000000000000        0x0 binaries/rflseek.o
 .note.GNU-stack
                0x0000000000000000        0x0 binaries/rflwrite.o
 .note.GNU-stack
                0x0000000000000000        0x0 binaries/rfscomm.o
 .note.GNU-stack
                0x0000000000000000        0x0 binaries/rfscontrol.o
 .note.GNU-stack
                0x0000000000000000        0x0 binaries/rfsgetmode.o
 .note.GNU-stack
                0x0000000000000000        0x0 binaries/rfsinit.o
 .note.GNU-stack
                0x0000000000000000        0x0 binaries/rfsndmsg.o
 .note.GNU-stack
                0x0000000000000000        0x0 binaries/rfsopen.o
 .note.GNU-stack
                0x0000000000000000        0x0 binaries/arp.o
 .note.GNU-stack
                0x0000000000000000        0x0 binaries/dhcp.o
 .note.GNU-stack
                0x0000000000000000        0x0 binaries/dns.o
 .note.GNU-stack
                0x0000000000000000        0x0 binaries/dot2ip.o
 .note.GNU-stack
                0x0000000000000000        0x0 binaries/hexdump.o
 .note.GNU-stack
                0x0000000000000000        0x0 binaries/icmp.o
 .note.GNU-stack
                0x0000000000000000        0x0 binaries/ip.o
 .note.GNU-stack
                0x0000000000000000        0x0 binaries/net.o
 .note.GNU-stack
                0x0000000000000000        0x0 binaries/pdump.o
 .note.GNU-stack
                0x0000000000000000        0x0 binaries/tftp.o
 .note.GNU-stack
                0x0000000000000000        0x0 binaries/udp.o
 .note.GNU-stack
                0x0000000000000000        0x0 binaries/addargs.o
 .note.GNU-stack
                0x0000000000000000        0x0 binaries/lexan.o
 .note.GNU-stack
                0x0000000000000000        0x0 binaries/shell.o
 .note.GNU-stack
                0x0000000000000000        0x0 binaries/xsh_argecho.o
 .note.GNU-stack
                0x0000000000000000        0x0 binaries/xsh_arp.o
 .note.GNU-stack
                0x0000000000000000        0x0 binaries/xsh_cat.o
 .note.GNU-stack
                0x0000000000000000        0x0 binaries/xsh_clear.o
 .note.GNU-stack
                0x0000000000000000        0x0 binaries/xsh_date.o
 .note.GNU-stack
                0x0000000000000000        0x0 binaries/xsh_devdump.o
 .note.GNU-stack
                0x0000000000000000        0x0 binaries/xsh_echo.o
 .note.GNU-stack
                0x0000000000000000        0x0 binaries/xsh_exit.o
 .note.GNU-stack
                0x0000000000000000        0x0 binaries/xsh_help.o
 .note.GNU-stack
                0x0000000000000000        0x0 binaries/xsh_kill.o
 .note.GNU-stack
                0x0000000000000000        0x0 binaries/xsh_ls.o
 .note.GNU-stack
                0x0000000000000000        0x0 binaries/xsh_memdump.o
 .note.GNU-stack
                0x0000000000000000        0x0 binaries/xsh_memstat.o
 .note.GNU-stack
                0x0000000000000000        0x0 binaries/xsh_netinfo.o
 .note.GNU-stack
                0x0000000000000000        0x0 binaries/xsh_ns.o
 .note.GNU-stack
                0x0000000000000000        0x0 binaries/xsh_ping.o
 .note.GNU-stack
                0x0000000000000000        0x0 binaries/xsh_ps.o
 .note.GNU-stack
                0x0000000000000000        0x0 binaries/xsh_sleep.o
 .note.GNU-stack
                0x0000000000000000        0x0 binaries/xsh_udpdump.o
 .note.GNU-stack
                0x0000000000000000        0x0 binaries/xsh_udpecho.o
 .note.GNU-stack
                0x0000000000000000        0x0 binaries/xsh_udpserver.o
 .note.GNU-stack
                0x0000000000000000        0x0 binaries/xsh_uptime.o
